Archive member included because of file (symbol)

lib/libstm32.a(stm32f10x_flash.o)
                              main.o (FLASH_SetLatency)
lib/libstm32.a(stm32f10x_gpio.o)
                              main.o (GPIO_Init)
lib/libstm32.a(stm32f10x_nvic.o)
                              main.o (NVIC_Init)
lib/libstm32.a(stm32f10x_rcc.o)
                              main.o (RCC_DeInit)
lib/libstm32.a(stm32f10x_tim.o)
                              main.o (TIM_TimeBaseInit)
lib/libstm32.a(cortexm3_macro.o)
                              lib/libstm32.a(stm32f10x_nvic.o) (__RESETPRIMASK)
lib/libstm32.a(stm32f10x_vector.o)
                              (Reset_Handler)
lib/libstm32.a(stm32f10x_adc.o)
                              main.o (ADC_Init)
lib/libstm32.a(stm32f10x_usart.o)
                              main.o (USART_Init)

Allocating common symbols
Common symbol       size              file

HSEStartUpStatus    0x1               main.o
TIM_TimeBaseStructure
                    0xa               main.o
ADC_InitStructure   0x14              main.o
TIM_OCInitStructure
                    0x10              main.o
GPIO_InitStructure  0x4               main.o
USART_InitStructure
                    0x10              main.o
NVIC_InitStructure  0x4               main.o

Discarded input sections

 .text          0x00000000        0x0 /home/adam/Code/ARM/arm-2008q3/bin/../lib/gcc/arm-none-eabi/4.3.2/crti.o
 .data          0x00000000        0x0 /home/adam/Code/ARM/arm-2008q3/bin/../lib/gcc/arm-none-eabi/4.3.2/crti.o
 .bss           0x00000000        0x0 /home/adam/Code/ARM/arm-2008q3/bin/../lib/gcc/arm-none-eabi/4.3.2/crti.o
 .init          0x00000000        0x0 /home/adam/Code/ARM/arm-2008q3/bin/../lib/gcc/arm-none-eabi/4.3.2/crti.o
 .fini          0x00000000        0x0 /home/adam/Code/ARM/arm-2008q3/bin/../lib/gcc/arm-none-eabi/4.3.2/crti.o
 .text          0x00000000        0x0 /home/adam/Code/ARM/arm-2008q3/bin/../lib/gcc/arm-none-eabi/4.3.2/crtbegin.o
 .data          0x00000000        0x0 /home/adam/Code/ARM/arm-2008q3/bin/../lib/gcc/arm-none-eabi/4.3.2/crtbegin.o
 .bss           0x00000000        0x0 /home/adam/Code/ARM/arm-2008q3/bin/../lib/gcc/arm-none-eabi/4.3.2/crtbegin.o
 .init_array    0x00000000        0x0 /home/adam/Code/ARM/arm-2008q3/bin/../lib/gcc/arm-none-eabi/4.3.2/crtbegin.o
 .fini_array    0x00000000        0x0 /home/adam/Code/ARM/arm-2008q3/bin/../lib/gcc/arm-none-eabi/4.3.2/crtbegin.o
 .eh_frame      0x00000000        0x0 /home/adam/Code/ARM/arm-2008q3/bin/../lib/gcc/arm-none-eabi/4.3.2/crtbegin.o
 .jcr           0x00000000        0x0 /home/adam/Code/ARM/arm-2008q3/bin/../lib/gcc/arm-none-eabi/4.3.2/crtbegin.o
 .data          0x00000000        0x0 main.o
 .bss           0x00000000        0x0 main.o
 .data          0x00000000        0x0 drive.o
 .bss           0x00000000        0x0 drive.o
 .data          0x00000000        0x0 stm32f10x_it.o
 .bss           0x00000000        0x0 stm32f10x_it.o
 .data          0x00000000        0x0 lib/libstm32.a(stm32f10x_flash.o)
 .bss           0x00000000        0x0 lib/libstm32.a(stm32f10x_flash.o)
 .data          0x00000000        0x0 lib/libstm32.a(stm32f10x_gpio.o)
 .bss           0x00000000        0x0 lib/libstm32.a(stm32f10x_gpio.o)
 .data          0x00000000        0x0 lib/libstm32.a(stm32f10x_nvic.o)
 .bss           0x00000000        0x0 lib/libstm32.a(stm32f10x_nvic.o)
 .data          0x00000000        0x0 lib/libstm32.a(stm32f10x_rcc.o)
 .bss           0x00000000        0x0 lib/libstm32.a(stm32f10x_rcc.o)
 .data          0x00000000        0x0 lib/libstm32.a(stm32f10x_tim.o)
 .bss           0x00000000        0x0 lib/libstm32.a(stm32f10x_tim.o)
 .data          0x00000000        0x0 lib/libstm32.a(cortexm3_macro.o)
 .bss           0x00000000        0x0 lib/libstm32.a(cortexm3_macro.o)
 .data          0x00000000        0x0 lib/libstm32.a(stm32f10x_vector.o)
 .bss           0x00000000        0x0 lib/libstm32.a(stm32f10x_vector.o)
 .data          0x00000000        0x0 lib/libstm32.a(stm32f10x_adc.o)
 .bss           0x00000000        0x0 lib/libstm32.a(stm32f10x_adc.o)
 .data          0x00000000        0x0 lib/libstm32.a(stm32f10x_usart.o)
 .bss           0x00000000        0x0 lib/libstm32.a(stm32f10x_usart.o)
 .text          0x00000000        0x0 /home/adam/Code/ARM/arm-2008q3/bin/../lib/gcc/arm-none-eabi/4.3.2/crtend.o
 .data          0x00000000        0x0 /home/adam/Code/ARM/arm-2008q3/bin/../lib/gcc/arm-none-eabi/4.3.2/crtend.o
 .bss           0x00000000        0x0 /home/adam/Code/ARM/arm-2008q3/bin/../lib/gcc/arm-none-eabi/4.3.2/crtend.o
 .eh_frame      0x00000000        0x0 /home/adam/Code/ARM/arm-2008q3/bin/../lib/gcc/arm-none-eabi/4.3.2/crtend.o
 .jcr           0x00000000        0x0 /home/adam/Code/ARM/arm-2008q3/bin/../lib/gcc/arm-none-eabi/4.3.2/crtend.o
 .text          0x00000000        0x0 /home/adam/Code/ARM/arm-2008q3/bin/../lib/gcc/arm-none-eabi/4.3.2/crtn.o
 .data          0x00000000        0x0 /home/adam/Code/ARM/arm-2008q3/bin/../lib/gcc/arm-none-eabi/4.3.2/crtn.o
 .bss           0x00000000        0x0 /home/adam/Code/ARM/arm-2008q3/bin/../lib/gcc/arm-none-eabi/4.3.2/crtn.o
 .init          0x00000000        0x0 /home/adam/Code/ARM/arm-2008q3/bin/../lib/gcc/arm-none-eabi/4.3.2/crtn.o
 .fini          0x00000000        0x0 /home/adam/Code/ARM/arm-2008q3/bin/../lib/gcc/arm-none-eabi/4.3.2/crtn.o

Memory Configuration

Name             Origin             Length             Attributes
RAM              0x20000000         0x00005000         xrw
FLASH            0x08000000         0x00020000         xr
FLASHB1          0x00000000         0x00000000         xr
EXTMEMB0         0x00000000         0x00000000         xr
EXTMEMB1         0x00000000         0x00000000         xr
EXTMEMB2         0x00000000         0x00000000         xr
EXTMEMB3         0x00000000         0x00000000         xr
*default*        0x00000000         0xffffffff

Linker script and memory map

LOAD /home/adam/Code/ARM/arm-2008q3/bin/../lib/gcc/arm-none-eabi/4.3.2/crti.o
LOAD /home/adam/Code/ARM/arm-2008q3/bin/../lib/gcc/arm-none-eabi/4.3.2/crtbegin.o
LOAD main.o
LOAD drive.o
LOAD stm32f10x_it.o
LOAD lib/libstm32.a
START GROUP
LOAD /home/adam/Code/ARM/arm-2008q3/bin/../lib/gcc/arm-none-eabi/4.3.2/libgcc.a
LOAD /home/adam/Code/ARM/arm-2008q3/bin/../lib/gcc/arm-none-eabi/4.3.2/../../../../arm-none-eabi/lib/libc.a
END GROUP
LOAD /home/adam/Code/ARM/arm-2008q3/bin/../lib/gcc/arm-none-eabi/4.3.2/crtend.o
LOAD /home/adam/Code/ARM/arm-2008q3/bin/../lib/gcc/arm-none-eabi/4.3.2/crtn.o
                0x00000400                __Stack_Size = 0x400
                0x00000400                PROVIDE (_Stack_Size, __Stack_Size)
                0x20004c00                __Stack_Init = (_estack - __Stack_Size)
                0x20004c00                PROVIDE (_Stack_Init, __Stack_Init)
                0x00000100                _Minimum_Stack_Size = 0x100
                0x00000000                PROVIDE (Undefined_Handler, 0x0)
                0x00000000                PROVIDE (SWI_Handler, 0x0)
                0x00000000                PROVIDE (IRQ_Handler, 0x0)
                0x00000000                PROVIDE (Prefetch_Handler, 0x0)
                0x00000000                PROVIDE (Abort_Handler, 0x0)
                0x00000000                PROVIDE (FIQ_Handler, 0x0)
                0x00000000                PROVIDE (NMIException, 0x0)
                0x00000000                PROVIDE (HardFaultException, 0x0)
                0x00000000                PROVIDE (MemManageException, 0x0)
                0x00000000                PROVIDE (BusFaultException, 0x0)
                0x00000000                PROVIDE (UsageFaultException, 0x0)
                0x00000000                PROVIDE (SVCHandler, 0x0)
                0x00000000                PROVIDE (DebugMonitor, 0x0)
                0x00000000                PROVIDE (PendSVC, 0x0)
                0x00000000                PROVIDE (SysTickHandler, 0x0)
                0x00000000                PROVIDE (WWDG_IRQHandler, 0x0)
                0x00000000                PROVIDE (PVD_IRQHandler, 0x0)
                0x00000000                PROVIDE (TAMPER_IRQHandler, 0x0)
                0x00000000                PROVIDE (RTC_IRQHandler, 0x0)
                0x00000000                PROVIDE (FLASH_IRQHandler, 0x0)
                0x00000000                PROVIDE (RCC_IRQHandler, 0x0)
                0x00000000                PROVIDE (EXTI0_IRQHandler, 0x0)
                0x00000000                PROVIDE (EXTI1_IRQHandler, 0x0)
                0x00000000                PROVIDE (EXTI2_IRQHandler, 0x0)
                0x00000000                PROVIDE (EXTI3_IRQHandler, 0x0)
                0x00000000                PROVIDE (EXTI4_IRQHandler, 0x0)
                0x00000000                PROVIDE (DMAChannel1_IRQHandler, 0x0)
                0x00000000                PROVIDE (DMAChannel2_IRQHandler, 0x0)
                0x00000000                PROVIDE (DMAChannel3_IRQHandler, 0x0)
                0x00000000                PROVIDE (DMAChannel4_IRQHandler, 0x0)
                0x00000000                PROVIDE (DMAChannel5_IRQHandler, 0x0)
                0x00000000                PROVIDE (DMAChannel6_IRQHandler, 0x0)
                0x00000000                PROVIDE (DMAChannel7_IRQHandler, 0x0)
                0x00000000                PROVIDE (ADC_IRQHandler, 0x0)
                0x00000000                PROVIDE (USB_HP_CAN_TX_IRQHandler, 0x0)
                0x00000000                PROVIDE (USB_LP_CAN_RX0_IRQHandler, 0x0)
                0x00000000                PROVIDE (CAN_RX1_IRQHandler, 0x0)
                0x00000000                PROVIDE (CAN_SCE_IRQHandler, 0x0)
                0x00000000                PROVIDE (EXTI9_5_IRQHandler, 0x0)
                0x00000000                PROVIDE (TIM1_BRK_IRQHandler, 0x0)
                0x00000000                PROVIDE (TIM1_UP_IRQHandler, 0x0)
                0x00000000                PROVIDE (TIM1_TRG_COM_IRQHandler, 0x0)
                0x00000000                PROVIDE (TIM1_CC_IRQHandler, 0x0)
                0x00000000                PROVIDE (TIM2_IRQHandler, 0x0)
                0x00000000                PROVIDE (TIM3_IRQHandler, 0x0)
                0x00000000                PROVIDE (TIM4_IRQHandler, 0x0)
                0x00000000                PROVIDE (I2C1_EV_IRQHandler, 0x0)
                0x00000000                PROVIDE (I2C1_ER_IRQHandler, 0x0)
                0x00000000                PROVIDE (I2C2_EV_IRQHandler, 0x0)
                0x00000000                PROVIDE (I2C2_ER_IRQHandler, 0x0)
                0x00000000                PROVIDE (SPI1_IRQHandler, 0x0)
                0x00000000                PROVIDE (SPI2_IRQHandler, 0x0)
                0x00000000                PROVIDE (USART1_IRQHandler, 0x0)
                0x00000000                PROVIDE (USART2_IRQHandler, 0x0)
                0x00000000                PROVIDE (USART3_IRQHandler, 0x0)
                0x00000000                PROVIDE (EXTI15_10_IRQHandler, 0x0)
                0x00000000                PROVIDE (RTCAlarm_IRQHandler, 0x0)
                0x00000000                PROVIDE (USBWakeUp_IRQHandler, 0x0)
                0x42000000                PERIPH_BB_BASE = 0x42000000
                0x22000000                SRAM_BB_BASE = 0x22000000
                0x20000000                SRAM_BASE = 0x20000000
                0x40000000                PERIPH_BASE = 0x40000000
                0x40022000                PROVIDE (FLASH_BASE, 0x40022000)
                0x1ffff800                PROVIDE (OB_BASE, 0x1ffff800)
                0x40000000                APB1PERIPH_BASE = PERIPH_BASE
                0x40010000                APB2PERIPH_BASE = (PERIPH_BASE + 0x10000)
                0x40020000                AHBPERIPH_BASE = (PERIPH_BASE + 0x20000)
                0x40000000                PROVIDE (TIM2, (APB1PERIPH_BASE + 0x0))
                0x40000400                PROVIDE (TIM3, (APB1PERIPH_BASE + 0x400))
                0x40000800                PROVIDE (TIM4, (APB1PERIPH_BASE + 0x800))
                0x40002800                PROVIDE (RTC, (APB1PERIPH_BASE + 0x2800))
                0x40002c00                PROVIDE (WWDG, (APB1PERIPH_BASE + 0x2c00))
                0x40003000                PROVIDE (IWDG, (APB1PERIPH_BASE + 0x3000))
                0x40003800                PROVIDE (SPI2, (APB1PERIPH_BASE + 0x3800))
                0x40004400                PROVIDE (USART2, (APB1PERIPH_BASE + 0x4400))
                0x40004800                PROVIDE (USART3, (APB1PERIPH_BASE + 0x4800))
                0x40005400                PROVIDE (I2C1, (APB1PERIPH_BASE + 0x5400))
                0x40005800                PROVIDE (I2C2, (APB1PERIPH_BASE + 0x5800))
                0x40006400                PROVIDE (CAN, (APB1PERIPH_BASE + 0x6400))
                0x40006c00                PROVIDE (BKP, (APB1PERIPH_BASE + 0x6c00))
                0x40007000                PROVIDE (PWR, (APB1PERIPH_BASE + 0x7000))
                0x40010000                PROVIDE (AFIO, (APB2PERIPH_BASE + 0x0))
                0x40010400                PROVIDE (EXTI, (APB2PERIPH_BASE + 0x400))
                0x40010800                PROVIDE (GPIOA, (APB2PERIPH_BASE + 0x800))
                0x40010c00                PROVIDE (GPIOB, (APB2PERIPH_BASE + 0xc00))
                0x40011000                PROVIDE (GPIOC, (APB2PERIPH_BASE + 0x1000))
                0x40011400                PROVIDE (GPIOD, (APB2PERIPH_BASE + 0x1400))
                0x40011800                PROVIDE (GPIOE, (APB2PERIPH_BASE + 0x1800))
                0x40012400                PROVIDE (ADC1, (APB2PERIPH_BASE + 0x2400))
                0x40012800                PROVIDE (ADC2, (APB2PERIPH_BASE + 0x2800))
                0x40012c00                PROVIDE (TIM1, (APB2PERIPH_BASE + 0x2c00))
                0x40013000                PROVIDE (SPI1, (APB2PERIPH_BASE + 0x3000))
                0x40013800                PROVIDE (USART1, (APB2PERIPH_BASE + 0x3800))
                0x40020000                PROVIDE (DMA, (AHBPERIPH_BASE + 0x0))
                0x40020008                PROVIDE (DMA_Channel1, (AHBPERIPH_BASE + 0x8))
                0x4002001c                PROVIDE (DMA_Channel2, (AHBPERIPH_BASE + 0x1c))
                0x40020030                PROVIDE (DMA_Channel3, (AHBPERIPH_BASE + 0x30))
                0x40020044                PROVIDE (DMA_Channel4, (AHBPERIPH_BASE + 0x44))
                0x40020058                PROVIDE (DMA_Channel5, (AHBPERIPH_BASE + 0x58))
                0x4002006c                PROVIDE (DMA_Channel6, (AHBPERIPH_BASE + 0x6c))
                0x40020080                PROVIDE (DMA_Channel7, (AHBPERIPH_BASE + 0x80))
                0x40021000                PROVIDE (RCC, (AHBPERIPH_BASE + 0x1000))
                0xe000e000                SCS_BASE = 0xe000e000
                0xe000e010                PROVIDE (SysTick, (SCS_BASE + 0x10))
                0xe000e100                PROVIDE (NVIC, (SCS_BASE + 0x100))
                0xe000ed00                PROVIDE (SCB, (SCS_BASE + 0xd00))
                0x20005000                _estack = 0x20005000

.isr_vector     0x08000000      0x130
                0x08000000                . = ALIGN (0x4)
 *(.isr_vector)
 .isr_vector    0x08000000      0x130 lib/libstm32.a(stm32f10x_vector.o)
                0x08000000                g_pfnVectors
                0x08000130                . = ALIGN (0x4)

.flashtext      0x08000130        0x0
                0x08000130                . = ALIGN (0x4)
 *(.flashtext)
                0x08000130                . = ALIGN (0x4)

.text           0x08000130     0x608c
                0x08000130                . = ALIGN (0x4)
 *(.text)
 .text          0x08000130      0x69c main.o
                0x0800071c                Clock_Config
                0x08000688                USART_Config
                0x08000558                ADC_Config
                0x08000130                main
                0x08000374                NVIC_Config
                0x080001ec                USART_Send
                0x08000448                TIM_Config
                0x080001c8                Delay
                0x08000244                GPIO_Config
 .text          0x080007cc      0x2e8 drive.o
                0x08000a9c                steer_straight
                0x08000a4c                steer_left
                0x08000a74                steer_right
                0x080008a4                drive_backwards
                0x080007cc                drive_forwards
                0x0800097c                stop
 .text          0x08000ab4      0x498 stm32f10x_it.o
                0x08000b70                EXTI2_IRQHandler
                0x08000ac8                MemManageException
                0x08000e98                TIM8_TRG_COM_IRQHandler
                0x08000ea4                TIM8_CC_IRQHandler
                0x08000ad0                BusFaultException
                0x08000ca0                TIM1_CC_IRQHandler
                0x08000f04                TIM6_IRQHandler
                0x08000b1c                PVD_IRQHandler
                0x08000ec8                SDIO_IRQHandler
                0x08000b7c                EXTI3_IRQHandler
                0x08000ae0                DebugMonitor
                0x08000aec                SVCHandler
                0x08000ac0                HardFaultException
                0x08000c40                USB_HP_CAN_TX_IRQHandler
                0x08000b58                EXTI0_IRQHandler
                0x08000d20                I2C2_EV_IRQHandler
                0x08000be8                ADC1_2_IRQHandler
                0x08000d38                SPI1_IRQHandler
                0x08000c64                CAN_SCE_IRQHandler
                0x08000b28                TAMPER_IRQHandler
                0x08000e8c                TIM8_UP_IRQHandler
                0x08000f28                DMA2_Channel2_IRQHandler
                0x08000bb8                DMA1_Channel4_IRQHandler
                0x08000ab4                NMIException
                0x08000e50                USART3_IRQHandler
                0x08000b34                RTC_IRQHandler
                0x08000b04                SysTickHandler
                0x08000bdc                DMA1_Channel7_IRQHandler
                0x08000af8                PendSVC
                0x08000ef8                UART5_IRQHandler
                0x08000eb0                ADC3_IRQHandler
                0x08000cfc                TIM4_IRQHandler
                0x08000c58                CAN_RX1_IRQHandler
                0x08000f1c                DMA2_Channel1_IRQHandler
                0x08000d08                I2C1_EV_IRQHandler
                0x08000bd0                DMA1_Channel6_IRQHandler
                0x08000eec                UART4_IRQHandler
                0x08000cf0                TIM3_IRQHandler
                0x08000b4c                RCC_IRQHandler
                0x08000c94                TIM1_TRG_COM_IRQHandler
                0x08000b94                DMA1_Channel1_IRQHandler
                0x08000e5c                EXTI15_10_IRQHandler
                0x08000f10                TIM7_IRQHandler
                0x08000ed4                TIM5_IRQHandler
                0x08000c70                EXTI9_5_IRQHandler
                0x08000d44                SPI2_IRQHandler
                0x08000c4c                USB_LP_CAN_RX0_IRQHandler
                0x08000bc4                DMA1_Channel5_IRQHandler
                0x08000b88                EXTI4_IRQHandler
                0x08000bac                DMA1_Channel3_IRQHandler
                0x08000ebc                FSMC_IRQHandler
                0x08000c88                TIM1_UP_IRQHandler
                0x08000b10                WWDG_IRQHandler
                0x08000cac                TIM2_IRQHandler
                0x08000c7c                TIM1_BRK_IRQHandler
                0x08000b64                EXTI1_IRQHandler
                0x08000e68                RTCAlarm_IRQHandler
                0x08000f40                DMA2_Channel4_5_IRQHandler
                0x08000e44                USART2_IRQHandler
                0x08000d2c                I2C2_ER_IRQHandler
                0x08000ba0                DMA1_Channel2_IRQHandler
                0x08000e80                TIM8_BRK_IRQHandler
                0x08000ad8                UsageFaultException
                0x08000b40                FLASH_IRQHandler
                0x08000d50                USART1_IRQHandler
                0x08000ee0                SPI3_IRQHandler
                0x08000d14                I2C1_ER_IRQHandler
                0x08000e74                USBWakeUp_IRQHandler
                0x08000f34                DMA2_Channel3_IRQHandler
 .text          0x08000f4c       0xcc lib/libstm32.a(stm32f10x_flash.o)
                0x08000f90                FLASH_HalfCycleAccessCmd
                0x08000fd4                FLASH_PrefetchBufferCmd
                0x08000f4c                FLASH_SetLatency
 .text          0x08001018      0x704 lib/libstm32.a(stm32f10x_gpio.o)
                0x080014e4                GPIO_EventOutputConfig
                0x080013c4                GPIO_ReadOutputDataBit
                0x08001544                GPIO_EventOutputCmd
                0x08001564                GPIO_PinRemapConfig
                0x08001178                GPIO_Init
                0x08001158                GPIO_AFIODeInit
                0x08001484                GPIO_Write
                0x08001400                GPIO_ReadOutputData
                0x080013a8                GPIO_ReadInputData
                0x0800141c                GPIO_SetBits
                0x08001454                GPIO_WriteBit
                0x08001438                GPIO_ResetBits
                0x08001664                GPIO_EXTILineConfig
                0x08001018                GPIO_DeInit
                0x08001340                GPIO_StructInit
                0x080014a0                GPIO_PinLockConfig
                0x0800136c                GPIO_ReadInputDataBit
 .text          0x0800171c      0x990 lib/libstm32.a(stm32f10x_nvic.o)
                0x08001a40                NVIC_SETFAULTMASK
                0x08001a74                NVIC_GetBASEPRI
                0x0800188c                NVIC_Init
                0x08001c20                NVIC_SetVectorTable
                0x08001b14                NVIC_SetIRQChannelPendingBit
                0x08001a28                NVIC_SETPRIMASK
                0x08001ed0                NVIC_SetSystemHandlerPendingBit
                0x08001b34                NVIC_ClearIRQChannelPendingBit
                0x08001a84                NVIC_GetCurrentPendingIRQChannel
                0x0800205c                NVIC_GetFaultAddress
                0x08001c50                NVIC_GenerateSystemReset
                0x08001ba0                NVIC_GetIRQChannelActiveBitStatus
                0x080017a0                NVIC_SCBDeInit
                0x08001ce4                NVIC_SystemHandlerConfig
                0x08001b70                NVIC_GetCurrentActiveHandler
                0x08001a4c                NVIC_RESETFAULTMASK
                0x08001f5c                NVIC_GetSystemHandlerActiveBitStatus
                0x08001a34                NVIC_RESETPRIMASK
                0x08001f14                NVIC_ClearSystemHandlerPendingBit
                0x08001c88                NVIC_SystemLPConfig
                0x08001d50                NVIC_SystemHandlerPriorityConfig
                0x08001aac                NVIC_GetIRQChannelPendingBitStatus
                0x08001c6c                NVIC_GenerateCoreReset
                0x08001c08                NVIC_GetCPUID
                0x08001a58                NVIC_BASEPRICONFIG
                0x08001864                NVIC_PriorityGroupConfig
                0x080019f4                NVIC_StructInit
                0x08001e64                NVIC_GetSystemHandlerPendingBitStatus
                0x0800171c                NVIC_DeInit
                0x08001fc4                NVIC_GetFaultHandlerSources
 .text          0x080020ac      0xa18 lib/libstm32.a(stm32f10x_rcc.o)
                0x08002280                RCC_HSICmd
                0x080022ec                RCC_PLLCmd
                0x08002aa4                RCC_ClearITPendingBit
                0x08002990                RCC_MCOConfig
                0x0800243c                RCC_ITConfig
                0x0800230c                RCC_SYSCLKConfig
                0x080021d4                RCC_WaitForHSEStartUp
                0x08002950                RCC_BackupResetCmd
                0x08002970                RCC_ClockSecuritySystemCmd
                0x08002a40                RCC_ClearFlag
                0x08002148                RCC_HSEConfig
                0x080027f0                RCC_APB2PeriphClockCmd
                0x080022a0                RCC_PLLConfig
                0x080024c0                RCC_ADCCLKConfig
                0x08002504                RCC_LSEConfig
                0x080025b0                RCC_RTCCLKCmd
                0x08002848                RCC_APB1PeriphClockCmd
                0x08002a64                RCC_GetITStatus
                0x08002798                RCC_AHBPeriphClockCmd
                0x080029b0                RCC_GetFlagStatus
                0x08002350                RCC_GetSYSCLKSource
                0x080025d0                RCC_GetClocksFreq
                0x08002584                RCC_RTCCLKConfig
                0x08002238                RCC_AdjustHSICalibrationValue
                0x080023b0                RCC_PCLK1Config
                0x080024a0                RCC_USBCLKConfig
                0x080023f4                RCC_PCLK2Config
                0x080020ac                RCC_DeInit
                0x080028f8                RCC_APB1PeriphResetCmd
                0x08002564                RCC_LSICmd
                0x080028a0                RCC_APB2PeriphResetCmd
                0x0800236c                RCC_HCLKConfig
 .text          0x08002ac4     0x1f88 lib/libstm32.a(stm32f10x_tim.o)
                0x08003358                TIM_TimeBaseStructInit
                0x08003940                TIM_ForcedOC2Config
                0x0800443c                TIM_SetCompare2
                0x08003a4c                TIM_SelectCOM
                0x08003fe4                TIM_CCxCmd
                0x08004574                TIM_SetIC4Prescaler
                0x08003aec                TIM_CCPreloadControl
                0x08003b3c                TIM_OC1PreloadConfig
                0x08003720                TIM_ETRClockMode2Config
                0x08003e68                TIM_OC1NPolarityConfig
                0x08003904                TIM_ForcedOC1Config
                0x080035ac                TIM_DMACmd
                0x080036c0                TIM_ETRClockMode1Config
                0x0800452c                TIM_SetIC3Prescaler
                0x08003dac                TIM_ClearOC3Ref
                0x080034c0                TIM_CtrlPWMOutputs
                0x08003470                TIM_Cmd
                0x08003bf4                TIM_OC4PreloadConfig
                0x080046e4                TIM_ClearFlag
                0x0800476c                TIM_ClearITPendingBit
                0x0800466c                TIM_GetCounter
                0x08004634                TIM_GetCapture3
                0x080045fc                TIM_GetCapture1
                0x08002f3c                TIM_OC3Init
                0x08002ac4                TIM_DeInit
                0x080046a4                TIM_GetFlagStatus
                0x08003cb0                TIM_OC3FastConfig
                0x08003a9c                TIM_SelectCCDMA
                0x080045c4                TIM_SetClockDivision
                0x08002cbc                TIM_OC1Init
                0x08003bb8                TIM_OC3PreloadConfig
                0x08004404                TIM_SetAutoreload
                0x080039fc                TIM_ARRPreloadConfig
                0x08004708                TIM_GetITStatus
                0x08004094                TIM_SelectOCxM
                0x08003c34                TIM_OC1FastConfig
                0x08003b78                TIM_OC2PreloadConfig
                0x08003828                TIM_SelectInputTrigger
                0x08003518                TIM_ITConfig
                0x08002de8                TIM_OC2Init
                0x080037bc                TIM_PrescalerConfig
                0x08003fa4                TIM_OC4PolarityConfig
                0x08004310                TIM_SelectOutputTrigger
                0x08004458                TIM_SetCompare3
                0x0800308c                TIM_OC4Init
                0x08004278                TIM_SelectHallSensor
                0x08004494                TIM_SetIC1Prescaler
                0x080039bc                TIM_ForcedOC4Config
                0x0800362c                TIM_ITRxExternalClockConfig
                0x08003f24                TIM_OC3PolarityConfig
                0x080035f8                TIM_InternalClockConfig
                0x08003e2c                TIM_OC1PolarityConfig
                0x08003c70                TIM_OC2FastConfig
                0x080043e8                TIM_SetCounter
                0x08004474                TIM_SetCompare4
                0x08004618                TIM_GetCapture2
                0x08004688                TIM_GetPrescaler
                0x08003d68                TIM_ClearOC2Ref
                0x08003188                TIM_ICInit
                0x080033e8                TIM_ICStructInit
                0x08003230                TIM_PWMIConfig
                0x08003ee4                TIM_OC2NPolarityConfig
                0x08003d2c                TIM_ClearOC1Ref
                0x08004228                TIM_UpdateRequestConfig
                0x08003980                TIM_ForcedOC3Config
                0x0800365c                TIM_TIxExternalClockConfig
                0x08003424                TIM_BDTRStructInit
                0x08003394                TIM_OCStructInit
                0x08003f64                TIM_OC3NPolarityConfig
                0x0800403c                TIM_CCxNCmd
                0x080043a0                TIM_SelectMasterSlaveMode
                0x08004650                TIM_GetCapture4
                0x08002c38                TIM_TimeBaseInit
                0x08003580                TIM_DMAConfig
                0x08003564                TIM_GenerateEvent
                0x080032fc                TIM_BDTRConfig
                0x080044dc                TIM_SetIC2Prescaler
                0x08003760                TIM_ETRConfig
                0x08004358                TIM_SelectSlaveMode
                0x08003de8                TIM_ClearOC4Ref
                0x080042c8                TIM_SelectOnePulseMode
                0x08003864                TIM_EncoderInterfaceConfig
                0x08004420                TIM_SetCompare1
                0x08003ea4                TIM_OC2PolarityConfig
                0x080041d8                TIM_UpdateDisableConfig
                0x08003cec                TIM_OC4FastConfig
                0x080037e4                TIM_CounterModeConfig
 .text          0x08004a4c       0x7a lib/libstm32.a(cortexm3_macro.o)
                0x08004a6e                __MRS_CONTROL
                0x08004ab8                __GetBASEPRI
                0x08004a84                __MSR_PSP
                0x08004a9e                __READ_PRIMASK
                0x08004a96                __RESETPRIMASK
                0x08004aa8                __SETFAULTMASK
                0x08004a54                __SEV
                0x08004a50                __WFE
                0x08004aa4                __RESETFAULTMASK
                0x08004a8a                __MRS_MSP
                0x08004a90                __MSR_MSP
                0x08004a7e                __MRS_PSP
                0x08004abe                __REV_HalfWord
                0x08004a4c                __WFI
                0x08004a74                __MSR_CONTROL
                0x08004ab2                __BASEPRICONFIG
                0x08004a9a                __SETPRIMASK
                0x08004ac2                __REV_Word
                0x08004a6a                __SVC
                0x08004a58                __ISB
                0x08004a5e                __DSB
                0x08004aac                __READ_FAULTMASK
                0x08004a64                __DMB
 *fill*         0x08004ac6        0x2 00
 .text          0x08004ac8       0x88 lib/libstm32.a(stm32f10x_vector.o)
                0x08004ac8                Reset_Handler
 .text          0x08004b50      0xb6c lib/libstm32.a(stm32f10x_adc.o)
                0x08004d24                ADC_DMACmd
                0x08004e00                ADC_StartCalibration
                0x08005624                ADC_GetITStatus
                0x080055c8                ADC_GetFlagStatus
                0x08005124                ADC_ExternalTrigConvCmd
                0x080051c8                ADC_InjectedDiscModeCmd
                0x08004cec                ADC_Cmd
                0x08005540                ADC_AnalogWatchdogSingleChannelConfig
                0x08004ec8                ADC_DiscModeChannelCountConfig
                0x0800568c                ADC_ClearITPendingBit
                0x08004da8                ADC_ResetCalibration
                0x080054dc                ADC_AnalogWatchdogCmd
                0x080052e0                ADC_InjectedChannelConfig
                0x08004f4c                ADC_RegularChannelConfig
                0x0800515c                ADC_GetConversionValue
                0x08005518                ADC_AnalogWatchdogThresholdsConfig
                0x08004e20                ADC_GetCalibrationStatus
                0x08004e58                ADC_SoftwareStartConvCmd
                0x08004dc8                ADC_GetResetCalibrationStatus
                0x08005200                ADC_ExternalTrigInjectedConvConfig
                0x08005190                ADC_AutoInjectedConvCmd
                0x08005270                ADC_SoftwareStartInjectedConvCmd
                0x08004e90                ADC_GetSoftwareStartConvStatus
                0x08005178                ADC_GetDualModeConversionValue
                0x08005438                ADC_InjectedSequencerLengthConfig
                0x08004ca8                ADC_StructInit
                0x08004d5c                ADC_ITConfig
                0x08005604                ADC_ClearFlag
                0x08004b50                ADC_DeInit
                0x08005238                ADC_ExternalTrigInjectedConvCmd
                0x08004be0                ADC_Init
                0x08005484                ADC_SetInjectedOffset
                0x0800557c                ADC_TempSensorVrefintCmd
                0x080054b0                ADC_GetInjectedConversionValue
                0x08004f14                ADC_DiscModeCmd
                0x080052a8                ADC_GetSoftwareStartInjectedConvCmdStatus
 .text          0x080056bc      0xa08 lib/libstm32.a(stm32f10x_usart.o)
                0x08005d4c                USART_SetGuardTime
                0x08005dc0                USART_SmartCardCmd
                0x08005f48                USART_GetFlagStatus
                0x08005b54                USART_SetAddress
                0x08005d88                USART_SetPrescaler
                0x08005cfc                USART_ReceiveData
                0x08005a0c                USART_Cmd
                0x08005ef8                USART_IrDACmd
                0x08006080                USART_ClearITPendingBit
                0x08005fac                USART_GetITStatus
                0x08005c34                USART_LINBreakDetectLengthConfig
                0x080057ac                USART_Init
                0x08005e60                USART_HalfDuplexCmd
                0x08005a5c                USART_ITConfig
                0x08005eb0                USART_IrDAConfig
                0x080056bc                USART_DeInit
                0x08005970                USART_ClockInit
                0x08005d28                USART_SendBreak
                0x08005f88                USART_ClearFlag
                0x08005b9c                USART_WakeUpConfig
                0x08005ccc                USART_SendData
                0x08005be4                USART_ReceiverWakeUpCmd
                0x0800592c                USART_StructInit
                0x08005e10                USART_SmartCardNACKCmd
                0x08005c7c                USART_LINCmd
                0x080059d8                USART_ClockStructInit
                0x08005b08                USART_DMACmd
 *(.text.*)
 *(.rodata)
 .rodata        0x080060c4       0xe4 main.o
 .rodata        0x080061a8       0x14 lib/libstm32.a(stm32f10x_rcc.o)
 *(.rodata*)
 *(.glue_7)
 .glue_7        0x080061bc        0x0 /home/adam/Code/ARM/arm-2008q3/bin/../lib/gcc/arm-none-eabi/4.3.2/crti.o
 .glue_7        0x080061bc        0x0 /home/adam/Code/ARM/arm-2008q3/bin/../lib/gcc/arm-none-eabi/4.3.2/crtbegin.o
 .glue_7        0x080061bc        0x0 main.o
 .glue_7        0x080061bc        0x0 drive.o
 .glue_7        0x080061bc        0x0 stm32f10x_it.o
 .glue_7        0x080061bc        0x0 lib/libstm32.a(stm32f10x_flash.o)
 .glue_7        0x080061bc        0x0 lib/libstm32.a(stm32f10x_gpio.o)
 .glue_7        0x080061bc        0x0 lib/libstm32.a(stm32f10x_nvic.o)
 .glue_7        0x080061bc        0x0 lib/libstm32.a(stm32f10x_rcc.o)
 .glue_7        0x080061bc        0x0 lib/libstm32.a(stm32f10x_tim.o)
 .glue_7        0x080061bc        0x0 lib/libstm32.a(cortexm3_macro.o)
 .glue_7        0x080061bc        0x0 lib/libstm32.a(stm32f10x_vector.o)
 .glue_7        0x080061bc        0x0 lib/libstm32.a(stm32f10x_adc.o)
 .glue_7        0x080061bc        0x0 lib/libstm32.a(stm32f10x_usart.o)
 .glue_7        0x080061bc        0x0 /home/adam/Code/ARM/arm-2008q3/bin/../lib/gcc/arm-none-eabi/4.3.2/crtend.o
 .glue_7        0x080061bc        0x0 /home/adam/Code/ARM/arm-2008q3/bin/../lib/gcc/arm-none-eabi/4.3.2/crtn.o
 *(.glue_7t)
 .glue_7t       0x080061bc        0x0 /home/adam/Code/ARM/arm-2008q3/bin/../lib/gcc/arm-none-eabi/4.3.2/crti.o
 .glue_7t       0x080061bc        0x0 /home/adam/Code/ARM/arm-2008q3/bin/../lib/gcc/arm-none-eabi/4.3.2/crtbegin.o
 .glue_7t       0x080061bc        0x0 main.o
 .glue_7t       0x080061bc        0x0 drive.o
 .glue_7t       0x080061bc        0x0 stm32f10x_it.o
 .glue_7t       0x080061bc        0x0 lib/libstm32.a(stm32f10x_flash.o)
 .glue_7t       0x080061bc        0x0 lib/libstm32.a(stm32f10x_gpio.o)
 .glue_7t       0x080061bc        0x0 lib/libstm32.a(stm32f10x_nvic.o)
 .glue_7t       0x080061bc        0x0 lib/libstm32.a(stm32f10x_rcc.o)
 .glue_7t       0x080061bc        0x0 lib/libstm32.a(stm32f10x_tim.o)
 .glue_7t       0x080061bc        0x0 lib/libstm32.a(cortexm3_macro.o)
 .glue_7t       0x080061bc        0x0 lib/libstm32.a(stm32f10x_vector.o)
 .glue_7t       0x080061bc        0x0 lib/libstm32.a(stm32f10x_adc.o)
 .glue_7t       0x080061bc        0x0 lib/libstm32.a(stm32f10x_usart.o)
 .glue_7t       0x080061bc        0x0 /home/adam/Code/ARM/arm-2008q3/bin/../lib/gcc/arm-none-eabi/4.3.2/crtend.o
 .glue_7t       0x080061bc        0x0 /home/adam/Code/ARM/arm-2008q3/bin/../lib/gcc/arm-none-eabi/4.3.2/crtn.o
                0x080061bc                . = ALIGN (0x4)
                0x080061bc                _etext = .
                0x080061bc                _sidata = _etext

.vfp11_veneer   0x20000000        0x0
 .vfp11_veneer  0x20000000        0x0 /home/adam/Code/ARM/arm-2008q3/bin/../lib/gcc/arm-none-eabi/4.3.2/crti.o
 .vfp11_veneer  0x20000000        0x0 /home/adam/Code/ARM/arm-2008q3/bin/../lib/gcc/arm-none-eabi/4.3.2/crtbegin.o
 .vfp11_veneer  0x20000000        0x0 main.o
 .vfp11_veneer  0x20000000        0x0 drive.o
 .vfp11_veneer  0x20000000        0x0 stm32f10x_it.o
 .vfp11_veneer  0x20000000        0x0 lib/libstm32.a(stm32f10x_flash.o)
 .vfp11_veneer  0x20000000        0x0 lib/libstm32.a(stm32f10x_gpio.o)
 .vfp11_veneer  0x20000000        0x0 lib/libstm32.a(stm32f10x_nvic.o)
 .vfp11_veneer  0x20000000        0x0 lib/libstm32.a(stm32f10x_rcc.o)
 .vfp11_veneer  0x20000000        0x0 lib/libstm32.a(stm32f10x_tim.o)
 .vfp11_veneer  0x20000000        0x0 lib/libstm32.a(cortexm3_macro.o)
 .vfp11_veneer  0x20000000        0x0 lib/libstm32.a(stm32f10x_vector.o)
 .vfp11_veneer  0x20000000        0x0 lib/libstm32.a(stm32f10x_adc.o)
 .vfp11_veneer  0x20000000        0x0 lib/libstm32.a(stm32f10x_usart.o)
 .vfp11_veneer  0x20000000        0x0 /home/adam/Code/ARM/arm-2008q3/bin/../lib/gcc/arm-none-eabi/4.3.2/crtend.o
 .vfp11_veneer  0x20000000        0x0 /home/adam/Code/ARM/arm-2008q3/bin/../lib/gcc/arm-none-eabi/4.3.2/crtn.o

.janus_2cc_veneer
                0x20000000        0x0
 .janus_2cc_veneer
                0x20000000        0x0 /home/adam/Code/ARM/arm-2008q3/bin/../lib/gcc/arm-none-eabi/4.3.2/crti.o
 .janus_2cc_veneer
                0x20000000        0x0 /home/adam/Code/ARM/arm-2008q3/bin/../lib/gcc/arm-none-eabi/4.3.2/crtbegin.o
 .janus_2cc_veneer
                0x20000000        0x0 main.o
 .janus_2cc_veneer
                0x20000000        0x0 drive.o
 .janus_2cc_veneer
                0x20000000        0x0 stm32f10x_it.o
 .janus_2cc_veneer
                0x20000000        0x0 lib/libstm32.a(stm32f10x_flash.o)
 .janus_2cc_veneer
                0x20000000        0x0 lib/libstm32.a(stm32f10x_gpio.o)
 .janus_2cc_veneer
                0x20000000        0x0 lib/libstm32.a(stm32f10x_nvic.o)
 .janus_2cc_veneer
                0x20000000        0x0 lib/libstm32.a(stm32f10x_rcc.o)
 .janus_2cc_veneer
                0x20000000        0x0 lib/libstm32.a(stm32f10x_tim.o)
 .janus_2cc_veneer
                0x20000000        0x0 lib/libstm32.a(cortexm3_macro.o)
 .janus_2cc_veneer
                0x20000000        0x0 lib/libstm32.a(stm32f10x_vector.o)
 .janus_2cc_veneer
                0x20000000        0x0 lib/libstm32.a(stm32f10x_adc.o)
 .janus_2cc_veneer
                0x20000000        0x0 lib/libstm32.a(stm32f10x_usart.o)
 .janus_2cc_veneer
                0x20000000        0x0 /home/adam/Code/ARM/arm-2008q3/bin/../lib/gcc/arm-none-eabi/4.3.2/crtend.o
 .janus_2cc_veneer
                0x20000000        0x0 /home/adam/Code/ARM/arm-2008q3/bin/../lib/gcc/arm-none-eabi/4.3.2/crtn.o

.v4_bx          0x20000000        0x0
 .v4_bx         0x20000000        0x0 /home/adam/Code/ARM/arm-2008q3/bin/../lib/gcc/arm-none-eabi/4.3.2/crti.o
 .v4_bx         0x20000000        0x0 /home/adam/Code/ARM/arm-2008q3/bin/../lib/gcc/arm-none-eabi/4.3.2/crtbegin.o
 .v4_bx         0x20000000        0x0 main.o
 .v4_bx         0x20000000        0x0 drive.o
 .v4_bx         0x20000000        0x0 stm32f10x_it.o
 .v4_bx         0x20000000        0x0 lib/libstm32.a(stm32f10x_flash.o)
 .v4_bx         0x20000000        0x0 lib/libstm32.a(stm32f10x_gpio.o)
 .v4_bx         0x20000000        0x0 lib/libstm32.a(stm32f10x_nvic.o)
 .v4_bx         0x20000000        0x0 lib/libstm32.a(stm32f10x_rcc.o)
 .v4_bx         0x20000000        0x0 lib/libstm32.a(stm32f10x_tim.o)
 .v4_bx         0x20000000        0x0 lib/libstm32.a(cortexm3_macro.o)
 .v4_bx         0x20000000        0x0 lib/libstm32.a(stm32f10x_vector.o)
 .v4_bx         0x20000000        0x0 lib/libstm32.a(stm32f10x_adc.o)
 .v4_bx         0x20000000        0x0 lib/libstm32.a(stm32f10x_usart.o)
 .v4_bx         0x20000000        0x0 /home/adam/Code/ARM/arm-2008q3/bin/../lib/gcc/arm-none-eabi/4.3.2/crtend.o
 .v4_bx         0x20000000        0x0 /home/adam/Code/ARM/arm-2008q3/bin/../lib/gcc/arm-none-eabi/4.3.2/crtn.o

.data           0x20000000        0x0 load address 0x080061bc
                0x20000000                . = ALIGN (0x4)
                0x20000000                _sdata = .
 *(.data)
 *(.data.*)
                0x20000000                . = ALIGN (0x4)
                0x20000000                _edata = .

.bss            0x20000000       0x48
                0x20000000                . = ALIGN (0x4)
                0x20000000                _sbss = .
 *(.bss)
 *(COMMON)
 COMMON         0x20000000       0x48 main.o
                0x20000000                HSEStartUpStatus
                0x20000002                TIM_TimeBaseStructure
                0x2000000c                ADC_InitStructure
                0x20000020                TIM_OCInitStructure
                0x20000030                GPIO_InitStructure
                0x20000034                USART_InitStructure
                0x20000044                NVIC_InitStructure
                0x20000048                . = ALIGN (0x4)
                0x20000048                _ebss = .
                0x20000048                PROVIDE (end, _ebss)
                0x20000048                PROVIDE (_end, _ebss)

._usrstack      0x20000048      0x100
                0x20000048                . = ALIGN (0x4)
                0x20000048                _susrstack = .
                0x20000148                . = (. + _Minimum_Stack_Size)
 *fill*         0x20000048      0x100 00
                0x20000148                . = ALIGN (0x4)
                0x20000148                _eusrstack = .

.b1text
 *(.b1text)
 *(.b1rodata)
 *(.b1rodata*)

.eb0text
 *(.eb0text)
 *(.eb0rodata)
 *(.eb0rodata*)

.eb1text
 *(.eb1text)
 *(.eb1rodata)
 *(.eb1rodata*)

.eb2text
 *(.eb2text)
 *(.eb2rodata)
 *(.eb2rodata*)

.eb3text
 *(.eb3text)
 *(.eb3rodata)
 *(.eb3rodata*)
                0x20000148                __exidx_start = .
                0x20000148                __exidx_end = .

/DISCARD/
 libc.a(*)
 libm.a(*)
 libgcc.a(*)

.stab
 *(.stab)

.stabstr
 *(.stabstr)

.stab.excl
 *(.stab.excl)

.stab.exclstr
 *(.stab.exclstr)

.stab.index
 *(.stab.index)

.stab.indexstr
 *(.stab.indexstr)

.comment        0x00000000      0x1ce
 *(.comment)
 .comment       0x00000000       0x2a main.o
 .comment       0x0000002a       0x2a drive.o
 .comment       0x00000054       0x2a stm32f10x_it.o
 .comment       0x0000007e       0x2a lib/libstm32.a(stm32f10x_flash.o)
 .comment       0x000000a8       0x2a lib/libstm32.a(stm32f10x_gpio.o)
 .comment       0x000000d2       0x2a lib/libstm32.a(stm32f10x_nvic.o)
 .comment       0x000000fc       0x2a lib/libstm32.a(stm32f10x_rcc.o)
 .comment       0x00000126       0x2a lib/libstm32.a(stm32f10x_tim.o)
 .comment       0x00000150       0x2a lib/libstm32.a(stm32f10x_vector.o)
 .comment       0x0000017a       0x2a lib/libstm32.a(stm32f10x_adc.o)
 .comment       0x000001a4       0x2a lib/libstm32.a(stm32f10x_usart.o)

.debug
 *(.debug)

.line
 *(.line)

.debug_srcinfo
 *(.debug_srcinfo)

.debug_sfnames
 *(.debug_sfnames)

.debug_aranges  0x00000000      0x180
 *(.debug_aranges)
 .debug_aranges
                0x00000000       0x20 main.o
 .debug_aranges
                0x00000020       0x20 drive.o
 .debug_aranges
                0x00000040       0x20 stm32f10x_it.o
 .debug_aranges
                0x00000060       0x20 lib/libstm32.a(stm32f10x_flash.o)
 .debug_aranges
                0x00000080       0x20 lib/libstm32.a(stm32f10x_gpio.o)
 .debug_aranges
                0x000000a0       0x20 lib/libstm32.a(stm32f10x_nvic.o)
 .debug_aranges
                0x000000c0       0x20 lib/libstm32.a(stm32f10x_rcc.o)
 .debug_aranges
                0x000000e0       0x20 lib/libstm32.a(stm32f10x_tim.o)
 .debug_aranges
                0x00000100       0x20 lib/libstm32.a(cortexm3_macro.o)
 .debug_aranges
                0x00000120       0x20 lib/libstm32.a(stm32f10x_vector.o)
 .debug_aranges
                0x00000140       0x20 lib/libstm32.a(stm32f10x_adc.o)
 .debug_aranges
                0x00000160       0x20 lib/libstm32.a(stm32f10x_usart.o)

.debug_pubnames
                0x00000000     0x1e2b
 *(.debug_pubnames)
 .debug_pubnames
                0x00000000      0x137 main.o
 .debug_pubnames
                0x00000137       0x74 drive.o
 .debug_pubnames
                0x000001ab      0x63c stm32f10x_it.o
 .debug_pubnames
                0x000007e7       0x60 lib/libstm32.a(stm32f10x_flash.o)
 .debug_pubnames
                0x00000847      0x17b lib/libstm32.a(stm32f10x_gpio.o)
 .debug_pubnames
                0x000009c2      0x360 lib/libstm32.a(stm32f10x_nvic.o)
 .debug_pubnames
                0x00000d22      0x2c4 lib/libstm32.a(stm32f10x_rcc.o)
 .debug_pubnames
                0x00000fe6      0x7b0 lib/libstm32.a(stm32f10x_tim.o)
 .debug_pubnames
                0x00001796       0x35 lib/libstm32.a(stm32f10x_vector.o)
 .debug_pubnames
                0x000017cb      0x401 lib/libstm32.a(stm32f10x_adc.o)
 .debug_pubnames
                0x00001bcc      0x25f lib/libstm32.a(stm32f10x_usart.o)

.debug_info     0x00000000     0x6767
 *(.debug_info .gnu.linkonce.wi.*)
 .debug_info    0x00000000      0x9c7 main.o
 .debug_info    0x000009c7      0x489 drive.o
 .debug_info    0x00000e50      0xb5f stm32f10x_it.o
 .debug_info    0x000019af      0x165 lib/libstm32.a(stm32f10x_flash.o)
 .debug_info    0x00001b14      0x67d lib/libstm32.a(stm32f10x_gpio.o)
 .debug_info    0x00002191      0x929 lib/libstm32.a(stm32f10x_nvic.o)
 .debug_info    0x00002aba      0x895 lib/libstm32.a(stm32f10x_rcc.o)
 .debug_info    0x0000334f     0x1d79 lib/libstm32.a(stm32f10x_tim.o)
 .debug_info    0x000050c8       0x5d lib/libstm32.a(cortexm3_macro.o)
 .debug_info    0x00005125      0x108 lib/libstm32.a(stm32f10x_vector.o)
 .debug_info    0x0000522d      0xb94 lib/libstm32.a(stm32f10x_adc.o)
 .debug_info    0x00005dc1      0x9a6 lib/libstm32.a(stm32f10x_usart.o)

.debug_abbrev   0x00000000      0xe1c
 *(.debug_abbrev)
 .debug_abbrev  0x00000000      0x14f main.o
 .debug_abbrev  0x0000014f       0xf0 drive.o
 .debug_abbrev  0x0000023f      0x10a stm32f10x_it.o
 .debug_abbrev  0x00000349       0xa2 lib/libstm32.a(stm32f10x_flash.o)
 .debug_abbrev  0x000003eb      0x1b2 lib/libstm32.a(stm32f10x_gpio.o)
 .debug_abbrev  0x0000059d      0x1df lib/libstm32.a(stm32f10x_nvic.o)
 .debug_abbrev  0x0000077c      0x1bd lib/libstm32.a(stm32f10x_rcc.o)
 .debug_abbrev  0x00000939      0x17f lib/libstm32.a(stm32f10x_tim.o)
 .debug_abbrev  0x00000ab8       0x14 lib/libstm32.a(cortexm3_macro.o)
 .debug_abbrev  0x00000acc       0xa8 lib/libstm32.a(stm32f10x_vector.o)
 .debug_abbrev  0x00000b74      0x14b lib/libstm32.a(stm32f10x_adc.o)
 .debug_abbrev  0x00000cbf      0x15d lib/libstm32.a(stm32f10x_usart.o)

.debug_line     0x00000000     0x10ea
 *(.debug_line)
 .debug_line    0x00000000      0x14d main.o
 .debug_line    0x0000014d       0xb9 drive.o
 .debug_line    0x00000206      0x199 stm32f10x_it.o
 .debug_line    0x0000039f       0x88 lib/libstm32.a(stm32f10x_flash.o)
 .debug_line    0x00000427      0x146 lib/libstm32.a(stm32f10x_gpio.o)
 .debug_line    0x0000056d      0x195 lib/libstm32.a(stm32f10x_nvic.o)
 .debug_line    0x00000702      0x194 lib/libstm32.a(stm32f10x_rcc.o)
 .debug_line    0x00000896      0x3e4 lib/libstm32.a(stm32f10x_tim.o)
 .debug_line    0x00000c7a       0xa2 lib/libstm32.a(cortexm3_macro.o)
 .debug_line    0x00000d1c       0x56 lib/libstm32.a(stm32f10x_vector.o)
 .debug_line    0x00000d72      0x1e0 lib/libstm32.a(stm32f10x_adc.o)
 .debug_line    0x00000f52      0x198 lib/libstm32.a(stm32f10x_usart.o)

.debug_frame    0x00000000     0x22f4
 *(.debug_frame)
 .debug_frame   0x00000000      0x110 main.o
 .debug_frame   0x00000110       0xc0 drive.o
 .debug_frame   0x000001d0      0x698 stm32f10x_it.o
 .debug_frame   0x00000868       0x64 lib/libstm32.a(stm32f10x_flash.o)
 .debug_frame   0x000008cc      0x1f4 lib/libstm32.a(stm32f10x_gpio.o)
 .debug_frame   0x00000ac0      0x34c lib/libstm32.a(stm32f10x_nvic.o)
 .debug_frame   0x00000e0c      0x388 lib/libstm32.a(stm32f10x_rcc.o)
 .debug_frame   0x00001194      0xa20 lib/libstm32.a(stm32f10x_tim.o)
 .debug_frame   0x00001bb4       0x34 lib/libstm32.a(stm32f10x_vector.o)
 .debug_frame   0x00001be8      0x400 lib/libstm32.a(stm32f10x_adc.o)
 .debug_frame   0x00001fe8      0x30c lib/libstm32.a(stm32f10x_usart.o)

.debug_str      0x00000000     0x28b4
 *(.debug_str)
 .debug_str     0x00000000      0x64e main.o
                                0x672 (size before relaxing)
 .debug_str     0x0000064e       0x58 drive.o
                                0x29e (size before relaxing)
 .debug_str     0x000006a6      0x525 stm32f10x_it.o
                                0x723 (size before relaxing)
 .debug_str     0x00000bcb       0xab lib/libstm32.a(stm32f10x_flash.o)
                                0x129 (size before relaxing)
 .debug_str     0x00000c76      0x214 lib/libstm32.a(stm32f10x_gpio.o)
                                0x3bc (size before relaxing)
 .debug_str     0x00000e8a      0x44e lib/libstm32.a(stm32f10x_nvic.o)
                                0x5c2 (size before relaxing)
 .debug_str     0x000012d8      0x403 lib/libstm32.a(stm32f10x_rcc.o)
                                0x504 (size before relaxing)
 .debug_str     0x000016db      0x9ba lib/libstm32.a(stm32f10x_tim.o)
                                0xcce (size before relaxing)
 .debug_str     0x00002095       0x6f lib/libstm32.a(stm32f10x_vector.o)
                                 0xe8 (size before relaxing)
 .debug_str     0x00002104      0x456 lib/libstm32.a(stm32f10x_adc.o)
                                0x5f1 (size before relaxing)
 .debug_str     0x0000255a      0x35a lib/libstm32.a(stm32f10x_usart.o)
                                0x559 (size before relaxing)

.debug_loc      0x00000000     0x409b
 *(.debug_loc)
 .debug_loc     0x00000000      0x19b main.o
 .debug_loc     0x0000019b      0x11a drive.o
 .debug_loc     0x000002b5      0xba3 stm32f10x_it.o
 .debug_loc     0x00000e58       0xa5 lib/libstm32.a(stm32f10x_flash.o)
 .debug_loc     0x00000efd      0x39b lib/libstm32.a(stm32f10x_gpio.o)
 .debug_loc     0x00001298      0x606 lib/libstm32.a(stm32f10x_nvic.o)
 .debug_loc     0x0000189e      0x6bc lib/libstm32.a(stm32f10x_rcc.o)
 .debug_loc     0x00001f5a     0x138d lib/libstm32.a(stm32f10x_tim.o)
 .debug_loc     0x000032e7       0x37 lib/libstm32.a(stm32f10x_vector.o)
 .debug_loc     0x0000331e      0x7b0 lib/libstm32.a(stm32f10x_adc.o)
 .debug_loc     0x00003ace      0x5cd lib/libstm32.a(stm32f10x_usart.o)

.debug_macinfo
 *(.debug_macinfo)

.debug_weaknames
 *(.debug_weaknames)

.debug_funcnames
 *(.debug_funcnames)

.debug_typenames
 *(.debug_typenames)

.debug_varnames
 *(.debug_varnames)
OUTPUT(main.elf elf32-littlearm)

.ARM.attributes
                0x00000000       0x31
 .ARM.attributes
                0x00000000       0x14 /home/adam/Code/ARM/arm-2008q3/bin/../lib/gcc/arm-none-eabi/4.3.2/crti.o
 .ARM.attributes
                0x00000014       0x2e /home/adam/Code/ARM/arm-2008q3/bin/../lib/gcc/arm-none-eabi/4.3.2/crtbegin.o
 .ARM.attributes
                0x00000042       0x31 main.o
 .ARM.attributes
                0x00000073       0x31 drive.o
 .ARM.attributes
                0x000000a4       0x31 stm32f10x_it.o
 .ARM.attributes
                0x000000d5       0x31 lib/libstm32.a(stm32f10x_flash.o)
 .ARM.attributes
                0x00000106       0x31 lib/libstm32.a(stm32f10x_gpio.o)
 .ARM.attributes
                0x00000137       0x31 lib/libstm32.a(stm32f10x_nvic.o)
 .ARM.attributes
                0x00000168       0x31 lib/libstm32.a(stm32f10x_rcc.o)
 .ARM.attributes
                0x00000199       0x31 lib/libstm32.a(stm32f10x_tim.o)
 .ARM.attributes
                0x000001ca       0x21 lib/libstm32.a(cortexm3_macro.o)
 .ARM.attributes
                0x000001eb       0x31 lib/libstm32.a(stm32f10x_vector.o)
 .ARM.attributes
                0x0000021c       0x31 lib/libstm32.a(stm32f10x_adc.o)
 .ARM.attributes
                0x0000024d       0x31 lib/libstm32.a(stm32f10x_usart.o)
 .ARM.attributes
                0x0000027e       0x2c /home/adam/Code/ARM/arm-2008q3/bin/../lib/gcc/arm-none-eabi/4.3.2/crtend.o
 .ARM.attributes
                0x000002aa       0x14 /home/adam/Code/ARM/arm-2008q3/bin/../lib/gcc/arm-none-eabi/4.3.2/crtn.o

Cross Reference Table

Symbol                                            File
ADC1_2_IRQHandler                                 stm32f10x_it.o
                                                  lib/libstm32.a(stm32f10x_vector.o)
ADC3_IRQHandler                                   stm32f10x_it.o
                                                  lib/libstm32.a(stm32f10x_vector.o)
ADC_AnalogWatchdogCmd                             lib/libstm32.a(stm32f10x_adc.o)
                                                  main.o
ADC_AnalogWatchdogSingleChannelConfig             lib/libstm32.a(stm32f10x_adc.o)
                                                  main.o
ADC_AnalogWatchdogThresholdsConfig                lib/libstm32.a(stm32f10x_adc.o)
                                                  main.o
ADC_AutoInjectedConvCmd                           lib/libstm32.a(stm32f10x_adc.o)
ADC_ClearFlag                                     lib/libstm32.a(stm32f10x_adc.o)
ADC_ClearITPendingBit                             lib/libstm32.a(stm32f10x_adc.o)
                                                  stm32f10x_it.o
ADC_Cmd                                           lib/libstm32.a(stm32f10x_adc.o)
                                                  main.o
ADC_Config                                        main.o
ADC_DMACmd                                        lib/libstm32.a(stm32f10x_adc.o)
ADC_DeInit                                        lib/libstm32.a(stm32f10x_adc.o)
ADC_DiscModeChannelCountConfig                    lib/libstm32.a(stm32f10x_adc.o)
ADC_DiscModeCmd                                   lib/libstm32.a(stm32f10x_adc.o)
ADC_ExternalTrigConvCmd                           lib/libstm32.a(stm32f10x_adc.o)
ADC_ExternalTrigInjectedConvCmd                   lib/libstm32.a(stm32f10x_adc.o)
ADC_ExternalTrigInjectedConvConfig                lib/libstm32.a(stm32f10x_adc.o)
ADC_GetCalibrationStatus                          lib/libstm32.a(stm32f10x_adc.o)
                                                  main.o
ADC_GetConversionValue                            lib/libstm32.a(stm32f10x_adc.o)
ADC_GetDualModeConversionValue                    lib/libstm32.a(stm32f10x_adc.o)
ADC_GetFlagStatus                                 lib/libstm32.a(stm32f10x_adc.o)
ADC_GetITStatus                                   lib/libstm32.a(stm32f10x_adc.o)
ADC_GetInjectedConversionValue                    lib/libstm32.a(stm32f10x_adc.o)
ADC_GetResetCalibrationStatus                     lib/libstm32.a(stm32f10x_adc.o)
                                                  main.o
ADC_GetSoftwareStartConvStatus                    lib/libstm32.a(stm32f10x_adc.o)
ADC_GetSoftwareStartInjectedConvCmdStatus         lib/libstm32.a(stm32f10x_adc.o)
ADC_ITConfig                                      lib/libstm32.a(stm32f10x_adc.o)
                                                  main.o
ADC_Init                                          lib/libstm32.a(stm32f10x_adc.o)
                                                  main.o
ADC_InitStructure                                 main.o
ADC_InjectedChannelConfig                         lib/libstm32.a(stm32f10x_adc.o)
ADC_InjectedDiscModeCmd                           lib/libstm32.a(stm32f10x_adc.o)
ADC_InjectedSequencerLengthConfig                 lib/libstm32.a(stm32f10x_adc.o)
ADC_RegularChannelConfig                          lib/libstm32.a(stm32f10x_adc.o)
                                                  main.o
ADC_ResetCalibration                              lib/libstm32.a(stm32f10x_adc.o)
                                                  main.o
ADC_SetInjectedOffset                             lib/libstm32.a(stm32f10x_adc.o)
ADC_SoftwareStartConvCmd                          lib/libstm32.a(stm32f10x_adc.o)
                                                  main.o
ADC_SoftwareStartInjectedConvCmd                  lib/libstm32.a(stm32f10x_adc.o)
ADC_StartCalibration                              lib/libstm32.a(stm32f10x_adc.o)
                                                  main.o
ADC_StructInit                                    lib/libstm32.a(stm32f10x_adc.o)
ADC_TempSensorVrefintCmd                          lib/libstm32.a(stm32f10x_adc.o)
BusFaultException                                 stm32f10x_it.o
                                                  lib/libstm32.a(stm32f10x_vector.o)
CAN_RX1_IRQHandler                                stm32f10x_it.o
                                                  lib/libstm32.a(stm32f10x_vector.o)
CAN_SCE_IRQHandler                                stm32f10x_it.o
                                                  lib/libstm32.a(stm32f10x_vector.o)
Clock_Config                                      main.o
DMA1_Channel1_IRQHandler                          stm32f10x_it.o
                                                  lib/libstm32.a(stm32f10x_vector.o)
DMA1_Channel2_IRQHandler                          stm32f10x_it.o
                                                  lib/libstm32.a(stm32f10x_vector.o)
DMA1_Channel3_IRQHandler                          stm32f10x_it.o
                                                  lib/libstm32.a(stm32f10x_vector.o)
DMA1_Channel4_IRQHandler                          stm32f10x_it.o
                                                  lib/libstm32.a(stm32f10x_vector.o)
DMA1_Channel5_IRQHandler                          stm32f10x_it.o
                                                  lib/libstm32.a(stm32f10x_vector.o)
DMA1_Channel6_IRQHandler                          stm32f10x_it.o
                                                  lib/libstm32.a(stm32f10x_vector.o)
DMA1_Channel7_IRQHandler                          stm32f10x_it.o
                                                  lib/libstm32.a(stm32f10x_vector.o)
DMA2_Channel1_IRQHandler                          stm32f10x_it.o
                                                  lib/libstm32.a(stm32f10x_vector.o)
DMA2_Channel2_IRQHandler                          stm32f10x_it.o
                                                  lib/libstm32.a(stm32f10x_vector.o)
DMA2_Channel3_IRQHandler                          stm32f10x_it.o
                                                  lib/libstm32.a(stm32f10x_vector.o)
DMA2_Channel4_5_IRQHandler                        stm32f10x_it.o
                                                  lib/libstm32.a(stm32f10x_vector.o)
DebugMonitor                                      stm32f10x_it.o
                                                  lib/libstm32.a(stm32f10x_vector.o)
Delay                                             main.o
                                                  stm32f10x_it.o
EXTI0_IRQHandler                                  stm32f10x_it.o
                                                  lib/libstm32.a(stm32f10x_vector.o)
EXTI15_10_IRQHandler                              stm32f10x_it.o
                                                  lib/libstm32.a(stm32f10x_vector.o)
EXTI1_IRQHandler                                  stm32f10x_it.o
                                                  lib/libstm32.a(stm32f10x_vector.o)
EXTI2_IRQHandler                                  stm32f10x_it.o
                                                  lib/libstm32.a(stm32f10x_vector.o)
EXTI3_IRQHandler                                  stm32f10x_it.o
                                                  lib/libstm32.a(stm32f10x_vector.o)
EXTI4_IRQHandler                                  stm32f10x_it.o
                                                  lib/libstm32.a(stm32f10x_vector.o)
EXTI9_5_IRQHandler                                stm32f10x_it.o
                                                  lib/libstm32.a(stm32f10x_vector.o)
FLASH_HalfCycleAccessCmd                          lib/libstm32.a(stm32f10x_flash.o)
FLASH_IRQHandler                                  stm32f10x_it.o
                                                  lib/libstm32.a(stm32f10x_vector.o)
FLASH_PrefetchBufferCmd                           lib/libstm32.a(stm32f10x_flash.o)
                                                  main.o
FLASH_SetLatency                                  lib/libstm32.a(stm32f10x_flash.o)
                                                  main.o
FSMC_IRQHandler                                   stm32f10x_it.o
                                                  lib/libstm32.a(stm32f10x_vector.o)
GPIO_AFIODeInit                                   lib/libstm32.a(stm32f10x_gpio.o)
GPIO_Config                                       main.o
GPIO_DeInit                                       lib/libstm32.a(stm32f10x_gpio.o)
GPIO_EXTILineConfig                               lib/libstm32.a(stm32f10x_gpio.o)
GPIO_EventOutputCmd                               lib/libstm32.a(stm32f10x_gpio.o)
GPIO_EventOutputConfig                            lib/libstm32.a(stm32f10x_gpio.o)
GPIO_Init                                         lib/libstm32.a(stm32f10x_gpio.o)
                                                  main.o
GPIO_InitStructure                                main.o
GPIO_PinLockConfig                                lib/libstm32.a(stm32f10x_gpio.o)
GPIO_PinRemapConfig                               lib/libstm32.a(stm32f10x_gpio.o)
GPIO_ReadInputData                                lib/libstm32.a(stm32f10x_gpio.o)
GPIO_ReadInputDataBit                             lib/libstm32.a(stm32f10x_gpio.o)
GPIO_ReadOutputData                               lib/libstm32.a(stm32f10x_gpio.o)
GPIO_ReadOutputDataBit                            lib/libstm32.a(stm32f10x_gpio.o)
GPIO_ResetBits                                    lib/libstm32.a(stm32f10x_gpio.o)
                                                  stm32f10x_it.o
                                                  drive.o
GPIO_SetBits                                      lib/libstm32.a(stm32f10x_gpio.o)
                                                  stm32f10x_it.o
                                                  drive.o
GPIO_StructInit                                   lib/libstm32.a(stm32f10x_gpio.o)
GPIO_Write                                        lib/libstm32.a(stm32f10x_gpio.o)
GPIO_WriteBit                                     lib/libstm32.a(stm32f10x_gpio.o)
HSEStartUpStatus                                  main.o
HardFaultException                                stm32f10x_it.o
                                                  lib/libstm32.a(stm32f10x_vector.o)
I2C1_ER_IRQHandler                                stm32f10x_it.o
                                                  lib/libstm32.a(stm32f10x_vector.o)
I2C1_EV_IRQHandler                                stm32f10x_it.o
                                                  lib/libstm32.a(stm32f10x_vector.o)
I2C2_ER_IRQHandler                                stm32f10x_it.o
                                                  lib/libstm32.a(stm32f10x_vector.o)
I2C2_EV_IRQHandler                                stm32f10x_it.o
                                                  lib/libstm32.a(stm32f10x_vector.o)
MemManageException                                stm32f10x_it.o
                                                  lib/libstm32.a(stm32f10x_vector.o)
NMIException                                      stm32f10x_it.o
                                                  lib/libstm32.a(stm32f10x_vector.o)
NVIC_BASEPRICONFIG                                lib/libstm32.a(stm32f10x_nvic.o)
NVIC_ClearIRQChannelPendingBit                    lib/libstm32.a(stm32f10x_nvic.o)
NVIC_ClearSystemHandlerPendingBit                 lib/libstm32.a(stm32f10x_nvic.o)
NVIC_Config                                       main.o
NVIC_DeInit                                       lib/libstm32.a(stm32f10x_nvic.o)
NVIC_GenerateCoreReset                            lib/libstm32.a(stm32f10x_nvic.o)
NVIC_GenerateSystemReset                          lib/libstm32.a(stm32f10x_nvic.o)
NVIC_GetBASEPRI                                   lib/libstm32.a(stm32f10x_nvic.o)
NVIC_GetCPUID                                     lib/libstm32.a(stm32f10x_nvic.o)
NVIC_GetCurrentActiveHandler                      lib/libstm32.a(stm32f10x_nvic.o)
NVIC_GetCurrentPendingIRQChannel                  lib/libstm32.a(stm32f10x_nvic.o)
NVIC_GetFaultAddress                              lib/libstm32.a(stm32f10x_nvic.o)
NVIC_GetFaultHandlerSources                       lib/libstm32.a(stm32f10x_nvic.o)
NVIC_GetIRQChannelActiveBitStatus                 lib/libstm32.a(stm32f10x_nvic.o)
NVIC_GetIRQChannelPendingBitStatus                lib/libstm32.a(stm32f10x_nvic.o)
NVIC_GetSystemHandlerActiveBitStatus              lib/libstm32.a(stm32f10x_nvic.o)
NVIC_GetSystemHandlerPendingBitStatus             lib/libstm32.a(stm32f10x_nvic.o)
NVIC_Init                                         lib/libstm32.a(stm32f10x_nvic.o)
                                                  main.o
NVIC_InitStructure                                main.o
NVIC_PriorityGroupConfig                          lib/libstm32.a(stm32f10x_nvic.o)
NVIC_RESETFAULTMASK                               lib/libstm32.a(stm32f10x_nvic.o)
NVIC_RESETPRIMASK                                 lib/libstm32.a(stm32f10x_nvic.o)
NVIC_SCBDeInit                                    lib/libstm32.a(stm32f10x_nvic.o)
NVIC_SETFAULTMASK                                 lib/libstm32.a(stm32f10x_nvic.o)
NVIC_SETPRIMASK                                   lib/libstm32.a(stm32f10x_nvic.o)
NVIC_SetIRQChannelPendingBit                      lib/libstm32.a(stm32f10x_nvic.o)
NVIC_SetSystemHandlerPendingBit                   lib/libstm32.a(stm32f10x_nvic.o)
NVIC_SetVectorTable                               lib/libstm32.a(stm32f10x_nvic.o)
                                                  main.o
NVIC_StructInit                                   lib/libstm32.a(stm32f10x_nvic.o)
NVIC_SystemHandlerConfig                          lib/libstm32.a(stm32f10x_nvic.o)
NVIC_SystemHandlerPriorityConfig                  lib/libstm32.a(stm32f10x_nvic.o)
NVIC_SystemLPConfig                               lib/libstm32.a(stm32f10x_nvic.o)
PVD_IRQHandler                                    stm32f10x_it.o
                                                  lib/libstm32.a(stm32f10x_vector.o)
PendSVC                                           stm32f10x_it.o
                                                  lib/libstm32.a(stm32f10x_vector.o)
RCC_ADCCLKConfig                                  lib/libstm32.a(stm32f10x_rcc.o)
                                                  main.o
RCC_AHBPeriphClockCmd                             lib/libstm32.a(stm32f10x_rcc.o)
RCC_APB1PeriphClockCmd                            lib/libstm32.a(stm32f10x_rcc.o)
                                                  main.o
RCC_APB1PeriphResetCmd                            lib/libstm32.a(stm32f10x_rcc.o)
                                                  lib/libstm32.a(stm32f10x_usart.o)
                                                  lib/libstm32.a(stm32f10x_tim.o)
RCC_APB2PeriphClockCmd                            lib/libstm32.a(stm32f10x_rcc.o)
                                                  main.o
RCC_APB2PeriphResetCmd                            lib/libstm32.a(stm32f10x_rcc.o)
                                                  lib/libstm32.a(stm32f10x_usart.o)
                                                  lib/libstm32.a(stm32f10x_adc.o)
                                                  lib/libstm32.a(stm32f10x_tim.o)
                                                  lib/libstm32.a(stm32f10x_gpio.o)
RCC_AdjustHSICalibrationValue                     lib/libstm32.a(stm32f10x_rcc.o)
RCC_BackupResetCmd                                lib/libstm32.a(stm32f10x_rcc.o)
RCC_ClearFlag                                     lib/libstm32.a(stm32f10x_rcc.o)
RCC_ClearITPendingBit                             lib/libstm32.a(stm32f10x_rcc.o)
RCC_ClockSecuritySystemCmd                        lib/libstm32.a(stm32f10x_rcc.o)
RCC_DeInit                                        lib/libstm32.a(stm32f10x_rcc.o)
                                                  main.o
RCC_GetClocksFreq                                 lib/libstm32.a(stm32f10x_rcc.o)
                                                  lib/libstm32.a(stm32f10x_usart.o)
RCC_GetFlagStatus                                 lib/libstm32.a(stm32f10x_rcc.o)
                                                  main.o
RCC_GetITStatus                                   lib/libstm32.a(stm32f10x_rcc.o)
RCC_GetSYSCLKSource                               lib/libstm32.a(stm32f10x_rcc.o)
                                                  main.o
RCC_HCLKConfig                                    lib/libstm32.a(stm32f10x_rcc.o)
                                                  main.o
RCC_HSEConfig                                     lib/libstm32.a(stm32f10x_rcc.o)
                                                  main.o
RCC_HSICmd                                        lib/libstm32.a(stm32f10x_rcc.o)
RCC_IRQHandler                                    stm32f10x_it.o
                                                  lib/libstm32.a(stm32f10x_vector.o)
RCC_ITConfig                                      lib/libstm32.a(stm32f10x_rcc.o)
RCC_LSEConfig                                     lib/libstm32.a(stm32f10x_rcc.o)
RCC_LSICmd                                        lib/libstm32.a(stm32f10x_rcc.o)
RCC_MCOConfig                                     lib/libstm32.a(stm32f10x_rcc.o)
RCC_PCLK1Config                                   lib/libstm32.a(stm32f10x_rcc.o)
                                                  main.o
RCC_PCLK2Config                                   lib/libstm32.a(stm32f10x_rcc.o)
                                                  main.o
RCC_PLLCmd                                        lib/libstm32.a(stm32f10x_rcc.o)
                                                  main.o
RCC_PLLConfig                                     lib/libstm32.a(stm32f10x_rcc.o)
                                                  main.o
RCC_RTCCLKCmd                                     lib/libstm32.a(stm32f10x_rcc.o)
RCC_RTCCLKConfig                                  lib/libstm32.a(stm32f10x_rcc.o)
RCC_SYSCLKConfig                                  lib/libstm32.a(stm32f10x_rcc.o)
                                                  main.o
RCC_USBCLKConfig                                  lib/libstm32.a(stm32f10x_rcc.o)
RCC_WaitForHSEStartUp                             lib/libstm32.a(stm32f10x_rcc.o)
                                                  main.o
RTCAlarm_IRQHandler                               stm32f10x_it.o
                                                  lib/libstm32.a(stm32f10x_vector.o)
RTC_IRQHandler                                    stm32f10x_it.o
                                                  lib/libstm32.a(stm32f10x_vector.o)
Reset_Handler                                     lib/libstm32.a(stm32f10x_vector.o)
SDIO_IRQHandler                                   stm32f10x_it.o
                                                  lib/libstm32.a(stm32f10x_vector.o)
SPI1_IRQHandler                                   stm32f10x_it.o
                                                  lib/libstm32.a(stm32f10x_vector.o)
SPI2_IRQHandler                                   stm32f10x_it.o
                                                  lib/libstm32.a(stm32f10x_vector.o)
SPI3_IRQHandler                                   stm32f10x_it.o
                                                  lib/libstm32.a(stm32f10x_vector.o)
SVCHandler                                        stm32f10x_it.o
                                                  lib/libstm32.a(stm32f10x_vector.o)
SysTickHandler                                    stm32f10x_it.o
                                                  lib/libstm32.a(stm32f10x_vector.o)
TAMPER_IRQHandler                                 stm32f10x_it.o
                                                  lib/libstm32.a(stm32f10x_vector.o)
TIM1_BRK_IRQHandler                               stm32f10x_it.o
                                                  lib/libstm32.a(stm32f10x_vector.o)
TIM1_CC_IRQHandler                                stm32f10x_it.o
                                                  lib/libstm32.a(stm32f10x_vector.o)
TIM1_TRG_COM_IRQHandler                           stm32f10x_it.o
                                                  lib/libstm32.a(stm32f10x_vector.o)
TIM1_UP_IRQHandler                                stm32f10x_it.o
                                                  lib/libstm32.a(stm32f10x_vector.o)
TIM2_IRQHandler                                   stm32f10x_it.o
                                                  lib/libstm32.a(stm32f10x_vector.o)
TIM3_IRQHandler                                   stm32f10x_it.o
                                                  lib/libstm32.a(stm32f10x_vector.o)
TIM4_IRQHandler                                   stm32f10x_it.o
                                                  lib/libstm32.a(stm32f10x_vector.o)
TIM5_IRQHandler                                   stm32f10x_it.o
                                                  lib/libstm32.a(stm32f10x_vector.o)
TIM6_IRQHandler                                   stm32f10x_it.o
                                                  lib/libstm32.a(stm32f10x_vector.o)
TIM7_IRQHandler                                   stm32f10x_it.o
                                                  lib/libstm32.a(stm32f10x_vector.o)
TIM8_BRK_IRQHandler                               stm32f10x_it.o
                                                  lib/libstm32.a(stm32f10x_vector.o)
TIM8_CC_IRQHandler                                stm32f10x_it.o
                                                  lib/libstm32.a(stm32f10x_vector.o)
TIM8_TRG_COM_IRQHandler                           stm32f10x_it.o
                                                  lib/libstm32.a(stm32f10x_vector.o)
TIM8_UP_IRQHandler                                stm32f10x_it.o
                                                  lib/libstm32.a(stm32f10x_vector.o)
TIM_ARRPreloadConfig                              lib/libstm32.a(stm32f10x_tim.o)
TIM_BDTRConfig                                    lib/libstm32.a(stm32f10x_tim.o)
TIM_BDTRStructInit                                lib/libstm32.a(stm32f10x_tim.o)
TIM_CCPreloadControl                              lib/libstm32.a(stm32f10x_tim.o)
TIM_CCxCmd                                        lib/libstm32.a(stm32f10x_tim.o)
TIM_CCxNCmd                                       lib/libstm32.a(stm32f10x_tim.o)
TIM_ClearFlag                                     lib/libstm32.a(stm32f10x_tim.o)
TIM_ClearITPendingBit                             lib/libstm32.a(stm32f10x_tim.o)
                                                  stm32f10x_it.o
TIM_ClearOC1Ref                                   lib/libstm32.a(stm32f10x_tim.o)
TIM_ClearOC2Ref                                   lib/libstm32.a(stm32f10x_tim.o)
TIM_ClearOC3Ref                                   lib/libstm32.a(stm32f10x_tim.o)
TIM_ClearOC4Ref                                   lib/libstm32.a(stm32f10x_tim.o)
TIM_Cmd                                           lib/libstm32.a(stm32f10x_tim.o)
                                                  stm32f10x_it.o
                                                  main.o
TIM_Config                                        main.o
TIM_CounterModeConfig                             lib/libstm32.a(stm32f10x_tim.o)
TIM_CtrlPWMOutputs                                lib/libstm32.a(stm32f10x_tim.o)
                                                  drive.o
TIM_DMACmd                                        lib/libstm32.a(stm32f10x_tim.o)
TIM_DMAConfig                                     lib/libstm32.a(stm32f10x_tim.o)
TIM_DeInit                                        lib/libstm32.a(stm32f10x_tim.o)
TIM_ETRClockMode1Config                           lib/libstm32.a(stm32f10x_tim.o)
TIM_ETRClockMode2Config                           lib/libstm32.a(stm32f10x_tim.o)
TIM_ETRConfig                                     lib/libstm32.a(stm32f10x_tim.o)
TIM_EncoderInterfaceConfig                        lib/libstm32.a(stm32f10x_tim.o)
TIM_ForcedOC1Config                               lib/libstm32.a(stm32f10x_tim.o)
TIM_ForcedOC2Config                               lib/libstm32.a(stm32f10x_tim.o)
TIM_ForcedOC3Config                               lib/libstm32.a(stm32f10x_tim.o)
TIM_ForcedOC4Config                               lib/libstm32.a(stm32f10x_tim.o)
TIM_GenerateEvent                                 lib/libstm32.a(stm32f10x_tim.o)
TIM_GetCapture1                                   lib/libstm32.a(stm32f10x_tim.o)
TIM_GetCapture2                                   lib/libstm32.a(stm32f10x_tim.o)
TIM_GetCapture3                                   lib/libstm32.a(stm32f10x_tim.o)
TIM_GetCapture4                                   lib/libstm32.a(stm32f10x_tim.o)
TIM_GetCounter                                    lib/libstm32.a(stm32f10x_tim.o)
TIM_GetFlagStatus                                 lib/libstm32.a(stm32f10x_tim.o)
TIM_GetITStatus                                   lib/libstm32.a(stm32f10x_tim.o)
TIM_GetPrescaler                                  lib/libstm32.a(stm32f10x_tim.o)
TIM_ICInit                                        lib/libstm32.a(stm32f10x_tim.o)
TIM_ICStructInit                                  lib/libstm32.a(stm32f10x_tim.o)
TIM_ITConfig                                      lib/libstm32.a(stm32f10x_tim.o)
                                                  main.o
TIM_ITRxExternalClockConfig                       lib/libstm32.a(stm32f10x_tim.o)
TIM_InternalClockConfig                           lib/libstm32.a(stm32f10x_tim.o)
TIM_OC1FastConfig                                 lib/libstm32.a(stm32f10x_tim.o)
TIM_OC1Init                                       lib/libstm32.a(stm32f10x_tim.o)
                                                  main.o
TIM_OC1NPolarityConfig                            lib/libstm32.a(stm32f10x_tim.o)
TIM_OC1PolarityConfig                             lib/libstm32.a(stm32f10x_tim.o)
TIM_OC1PreloadConfig                              lib/libstm32.a(stm32f10x_tim.o)
TIM_OC2FastConfig                                 lib/libstm32.a(stm32f10x_tim.o)
TIM_OC2Init                                       lib/libstm32.a(stm32f10x_tim.o)
                                                  drive.o
TIM_OC2NPolarityConfig                            lib/libstm32.a(stm32f10x_tim.o)
TIM_OC2PolarityConfig                             lib/libstm32.a(stm32f10x_tim.o)
TIM_OC2PreloadConfig                              lib/libstm32.a(stm32f10x_tim.o)
TIM_OC3FastConfig                                 lib/libstm32.a(stm32f10x_tim.o)
TIM_OC3Init                                       lib/libstm32.a(stm32f10x_tim.o)
                                                  drive.o
TIM_OC3NPolarityConfig                            lib/libstm32.a(stm32f10x_tim.o)
TIM_OC3PolarityConfig                             lib/libstm32.a(stm32f10x_tim.o)
TIM_OC3PreloadConfig                              lib/libstm32.a(stm32f10x_tim.o)
TIM_OC4FastConfig                                 lib/libstm32.a(stm32f10x_tim.o)
TIM_OC4Init                                       lib/libstm32.a(stm32f10x_tim.o)
TIM_OC4PolarityConfig                             lib/libstm32.a(stm32f10x_tim.o)
TIM_OC4PreloadConfig                              lib/libstm32.a(stm32f10x_tim.o)
TIM_OCInitStructure                               drive.o
                                                  main.o
TIM_OCStructInit                                  lib/libstm32.a(stm32f10x_tim.o)
TIM_PWMIConfig                                    lib/libstm32.a(stm32f10x_tim.o)
TIM_PrescalerConfig                               lib/libstm32.a(stm32f10x_tim.o)
TIM_SelectCCDMA                                   lib/libstm32.a(stm32f10x_tim.o)
TIM_SelectCOM                                     lib/libstm32.a(stm32f10x_tim.o)
TIM_SelectHallSensor                              lib/libstm32.a(stm32f10x_tim.o)
TIM_SelectInputTrigger                            lib/libstm32.a(stm32f10x_tim.o)
TIM_SelectMasterSlaveMode                         lib/libstm32.a(stm32f10x_tim.o)
TIM_SelectOCxM                                    lib/libstm32.a(stm32f10x_tim.o)
TIM_SelectOnePulseMode                            lib/libstm32.a(stm32f10x_tim.o)
                                                  main.o
TIM_SelectOutputTrigger                           lib/libstm32.a(stm32f10x_tim.o)
TIM_SelectSlaveMode                               lib/libstm32.a(stm32f10x_tim.o)
TIM_SetAutoreload                                 lib/libstm32.a(stm32f10x_tim.o)
TIM_SetClockDivision                              lib/libstm32.a(stm32f10x_tim.o)
TIM_SetCompare1                                   lib/libstm32.a(stm32f10x_tim.o)
                                                  stm32f10x_it.o
TIM_SetCompare2                                   lib/libstm32.a(stm32f10x_tim.o)
TIM_SetCompare3                                   lib/libstm32.a(stm32f10x_tim.o)
TIM_SetCompare4                                   lib/libstm32.a(stm32f10x_tim.o)
TIM_SetCounter                                    lib/libstm32.a(stm32f10x_tim.o)
                                                  stm32f10x_it.o
TIM_SetIC1Prescaler                               lib/libstm32.a(stm32f10x_tim.o)
TIM_SetIC2Prescaler                               lib/libstm32.a(stm32f10x_tim.o)
TIM_SetIC3Prescaler                               lib/libstm32.a(stm32f10x_tim.o)
TIM_SetIC4Prescaler                               lib/libstm32.a(stm32f10x_tim.o)
TIM_TIxExternalClockConfig                        lib/libstm32.a(stm32f10x_tim.o)
TIM_TimeBaseInit                                  lib/libstm32.a(stm32f10x_tim.o)
                                                  main.o
TIM_TimeBaseStructInit                            lib/libstm32.a(stm32f10x_tim.o)
TIM_TimeBaseStructure                             main.o
TIM_UpdateDisableConfig                           lib/libstm32.a(stm32f10x_tim.o)
TIM_UpdateRequestConfig                           lib/libstm32.a(stm32f10x_tim.o)
UART4_IRQHandler                                  stm32f10x_it.o
                                                  lib/libstm32.a(stm32f10x_vector.o)
UART5_IRQHandler                                  stm32f10x_it.o
                                                  lib/libstm32.a(stm32f10x_vector.o)
USART1_IRQHandler                                 stm32f10x_it.o
                                                  lib/libstm32.a(stm32f10x_vector.o)
USART2_IRQHandler                                 stm32f10x_it.o
                                                  lib/libstm32.a(stm32f10x_vector.o)
USART3_IRQHandler                                 stm32f10x_it.o
                                                  lib/libstm32.a(stm32f10x_vector.o)
USART_ClearFlag                                   lib/libstm32.a(stm32f10x_usart.o)
USART_ClearITPendingBit                           lib/libstm32.a(stm32f10x_usart.o)
                                                  stm32f10x_it.o
USART_ClockInit                                   lib/libstm32.a(stm32f10x_usart.o)
USART_ClockStructInit                             lib/libstm32.a(stm32f10x_usart.o)
USART_Cmd                                         lib/libstm32.a(stm32f10x_usart.o)
                                                  main.o
USART_Config                                      main.o
USART_DMACmd                                      lib/libstm32.a(stm32f10x_usart.o)
USART_DeInit                                      lib/libstm32.a(stm32f10x_usart.o)
USART_GetFlagStatus                               lib/libstm32.a(stm32f10x_usart.o)
                                                  main.o
USART_GetITStatus                                 lib/libstm32.a(stm32f10x_usart.o)
                                                  stm32f10x_it.o
USART_HalfDuplexCmd                               lib/libstm32.a(stm32f10x_usart.o)
USART_ITConfig                                    lib/libstm32.a(stm32f10x_usart.o)
                                                  main.o
USART_Init                                        lib/libstm32.a(stm32f10x_usart.o)
                                                  main.o
USART_InitStructure                               main.o
USART_IrDACmd                                     lib/libstm32.a(stm32f10x_usart.o)
USART_IrDAConfig                                  lib/libstm32.a(stm32f10x_usart.o)
USART_LINBreakDetectLengthConfig                  lib/libstm32.a(stm32f10x_usart.o)
USART_LINCmd                                      lib/libstm32.a(stm32f10x_usart.o)
USART_ReceiveData                                 lib/libstm32.a(stm32f10x_usart.o)
                                                  stm32f10x_it.o
USART_ReceiverWakeUpCmd                           lib/libstm32.a(stm32f10x_usart.o)
USART_Send                                        main.o
USART_SendBreak                                   lib/libstm32.a(stm32f10x_usart.o)
USART_SendData                                    lib/libstm32.a(stm32f10x_usart.o)
                                                  main.o
USART_SetAddress                                  lib/libstm32.a(stm32f10x_usart.o)
USART_SetGuardTime                                lib/libstm32.a(stm32f10x_usart.o)
USART_SetPrescaler                                lib/libstm32.a(stm32f10x_usart.o)
USART_SmartCardCmd                                lib/libstm32.a(stm32f10x_usart.o)
USART_SmartCardNACKCmd                            lib/libstm32.a(stm32f10x_usart.o)
USART_StructInit                                  lib/libstm32.a(stm32f10x_usart.o)
USART_WakeUpConfig                                lib/libstm32.a(stm32f10x_usart.o)
USBWakeUp_IRQHandler                              stm32f10x_it.o
                                                  lib/libstm32.a(stm32f10x_vector.o)
USB_HP_CAN_TX_IRQHandler                          stm32f10x_it.o
                                                  lib/libstm32.a(stm32f10x_vector.o)
USB_LP_CAN_RX0_IRQHandler                         stm32f10x_it.o
                                                  lib/libstm32.a(stm32f10x_vector.o)
UsageFaultException                               stm32f10x_it.o
                                                  lib/libstm32.a(stm32f10x_vector.o)
WWDG_IRQHandler                                   stm32f10x_it.o
                                                  lib/libstm32.a(stm32f10x_vector.o)
_Jv_RegisterClasses                               /home/adam/Code/ARM/arm-2008q3/bin/../lib/gcc/arm-none-eabi/4.3.2/crtbegin.o
__BASEPRICONFIG                                   lib/libstm32.a(cortexm3_macro.o)
                                                  lib/libstm32.a(stm32f10x_nvic.o)
__DMB                                             lib/libstm32.a(cortexm3_macro.o)
__DSB                                             lib/libstm32.a(cortexm3_macro.o)
__GetBASEPRI                                      lib/libstm32.a(cortexm3_macro.o)
                                                  lib/libstm32.a(stm32f10x_nvic.o)
__ISB                                             lib/libstm32.a(cortexm3_macro.o)
__MRS_CONTROL                                     lib/libstm32.a(cortexm3_macro.o)
__MRS_MSP                                         lib/libstm32.a(cortexm3_macro.o)
__MRS_PSP                                         lib/libstm32.a(cortexm3_macro.o)
__MSR_CONTROL                                     lib/libstm32.a(cortexm3_macro.o)
__MSR_MSP                                         lib/libstm32.a(cortexm3_macro.o)
__MSR_PSP                                         lib/libstm32.a(cortexm3_macro.o)
__READ_FAULTMASK                                  lib/libstm32.a(cortexm3_macro.o)
__READ_PRIMASK                                    lib/libstm32.a(cortexm3_macro.o)
__RESETFAULTMASK                                  lib/libstm32.a(cortexm3_macro.o)
                                                  lib/libstm32.a(stm32f10x_nvic.o)
__RESETPRIMASK                                    lib/libstm32.a(cortexm3_macro.o)
                                                  lib/libstm32.a(stm32f10x_nvic.o)
__REV_HalfWord                                    lib/libstm32.a(cortexm3_macro.o)
__REV_Word                                        lib/libstm32.a(cortexm3_macro.o)
__SETFAULTMASK                                    lib/libstm32.a(cortexm3_macro.o)
                                                  lib/libstm32.a(stm32f10x_nvic.o)
__SETPRIMASK                                      lib/libstm32.a(cortexm3_macro.o)
                                                  lib/libstm32.a(stm32f10x_nvic.o)
__SEV                                             lib/libstm32.a(cortexm3_macro.o)
__SVC                                             lib/libstm32.a(cortexm3_macro.o)
__WFE                                             lib/libstm32.a(cortexm3_macro.o)
__WFI                                             lib/libstm32.a(cortexm3_macro.o)
__deregister_frame_info                           /home/adam/Code/ARM/arm-2008q3/bin/../lib/gcc/arm-none-eabi/4.3.2/crtbegin.o
__dso_handle                                      /home/adam/Code/ARM/arm-2008q3/bin/../lib/gcc/arm-none-eabi/4.3.2/crtbegin.o
__register_frame_info                             /home/adam/Code/ARM/arm-2008q3/bin/../lib/gcc/arm-none-eabi/4.3.2/crtbegin.o
_ebss                                             lib/libstm32.a(stm32f10x_vector.o)
_edata                                            lib/libstm32.a(stm32f10x_vector.o)
_estack                                           lib/libstm32.a(stm32f10x_vector.o)
_fini                                             /home/adam/Code/ARM/arm-2008q3/bin/../lib/gcc/arm-none-eabi/4.3.2/crti.o
_init                                             /home/adam/Code/ARM/arm-2008q3/bin/../lib/gcc/arm-none-eabi/4.3.2/crti.o
_sbss                                             lib/libstm32.a(stm32f10x_vector.o)
_sdata                                            lib/libstm32.a(stm32f10x_vector.o)
_sidata                                           lib/libstm32.a(stm32f10x_vector.o)
drive_backwards                                   drive.o
                                                  stm32f10x_it.o
drive_forwards                                    drive.o
                                                  stm32f10x_it.o
g_pfnVectors                                      lib/libstm32.a(stm32f10x_vector.o)
main                                              main.o
                                                  lib/libstm32.a(stm32f10x_vector.o)
steer_left                                        drive.o
                                                  stm32f10x_it.o
steer_right                                       drive.o
                                                  stm32f10x_it.o
steer_straight                                    drive.o
                                                  stm32f10x_it.o
stop                                              drive.o
                                                  stm32f10x_it.o
