Archive member included because of file (symbol)

lib/libstm32.a(stm32f10x_flash.o)
                              main.o (FLASH_SetLatency)
lib/libstm32.a(stm32f10x_gpio.o)
                              main.o (GPIO_Init)
lib/libstm32.a(stm32f10x_nvic.o)
                              main.o (NVIC_Init)
lib/libstm32.a(stm32f10x_rcc.o)
                              main.o (RCC_DeInit)
lib/libstm32.a(stm32f10x_tim.o)
                              main.o (TIM_TimeBaseInit)
lib/libstm32.a(cortexm3_macro.o)
                              lib/libstm32.a(stm32f10x_nvic.o) (__RESETPRIMASK)
lib/libstm32.a(stm32f10x_vector.o)
                              (Reset_Handler)
lib/libstm32.a(stm32f10x_adc.o)
                              main.o (ADC_Init)

Allocating common symbols
Common symbol       size              file

HSEStartUpStatus    0x1               main.o
TIM_TimeBaseStructure
                    0xa               main.o
ADC_InitStructure   0x14              main.o
GPIO_InitStructure  0x4               main.o
NVIC_InitStructure  0x4               main.o

Discarded input sections

 .text          0x00000000        0x0 /home/adam/Code/ARM/arm-2008q3/bin/../lib/gcc/arm-none-eabi/4.3.2/crti.o
 .data          0x00000000        0x0 /home/adam/Code/ARM/arm-2008q3/bin/../lib/gcc/arm-none-eabi/4.3.2/crti.o
 .bss           0x00000000        0x0 /home/adam/Code/ARM/arm-2008q3/bin/../lib/gcc/arm-none-eabi/4.3.2/crti.o
 .init          0x00000000        0x0 /home/adam/Code/ARM/arm-2008q3/bin/../lib/gcc/arm-none-eabi/4.3.2/crti.o
 .fini          0x00000000        0x0 /home/adam/Code/ARM/arm-2008q3/bin/../lib/gcc/arm-none-eabi/4.3.2/crti.o
 .text          0x00000000        0x0 /home/adam/Code/ARM/arm-2008q3/bin/../lib/gcc/arm-none-eabi/4.3.2/crtbegin.o
 .data          0x00000000        0x0 /home/adam/Code/ARM/arm-2008q3/bin/../lib/gcc/arm-none-eabi/4.3.2/crtbegin.o
 .bss           0x00000000        0x0 /home/adam/Code/ARM/arm-2008q3/bin/../lib/gcc/arm-none-eabi/4.3.2/crtbegin.o
 .init_array    0x00000000        0x0 /home/adam/Code/ARM/arm-2008q3/bin/../lib/gcc/arm-none-eabi/4.3.2/crtbegin.o
 .fini_array    0x00000000        0x0 /home/adam/Code/ARM/arm-2008q3/bin/../lib/gcc/arm-none-eabi/4.3.2/crtbegin.o
 .eh_frame      0x00000000        0x0 /home/adam/Code/ARM/arm-2008q3/bin/../lib/gcc/arm-none-eabi/4.3.2/crtbegin.o
 .jcr           0x00000000        0x0 /home/adam/Code/ARM/arm-2008q3/bin/../lib/gcc/arm-none-eabi/4.3.2/crtbegin.o
 .data          0x00000000        0x0 main.o
 .bss           0x00000000        0x0 main.o
 .data          0x00000000        0x0 drive.o
 .bss           0x00000000        0x0 drive.o
 .data          0x00000000        0x0 stm32f10x_it.o
 .bss           0x00000000        0x0 stm32f10x_it.o
 .data          0x00000000        0x0 lib/libstm32.a(stm32f10x_flash.o)
 .bss           0x00000000        0x0 lib/libstm32.a(stm32f10x_flash.o)
 .data          0x00000000        0x0 lib/libstm32.a(stm32f10x_gpio.o)
 .bss           0x00000000        0x0 lib/libstm32.a(stm32f10x_gpio.o)
 .data          0x00000000        0x0 lib/libstm32.a(stm32f10x_nvic.o)
 .bss           0x00000000        0x0 lib/libstm32.a(stm32f10x_nvic.o)
 .data          0x00000000        0x0 lib/libstm32.a(stm32f10x_rcc.o)
 .bss           0x00000000        0x0 lib/libstm32.a(stm32f10x_rcc.o)
 .data          0x00000000        0x0 lib/libstm32.a(stm32f10x_tim.o)
 .bss           0x00000000        0x0 lib/libstm32.a(stm32f10x_tim.o)
 .data          0x00000000        0x0 lib/libstm32.a(cortexm3_macro.o)
 .bss           0x00000000        0x0 lib/libstm32.a(cortexm3_macro.o)
 .data          0x00000000        0x0 lib/libstm32.a(stm32f10x_vector.o)
 .bss           0x00000000        0x0 lib/libstm32.a(stm32f10x_vector.o)
 .data          0x00000000        0x0 lib/libstm32.a(stm32f10x_adc.o)
 .bss           0x00000000        0x0 lib/libstm32.a(stm32f10x_adc.o)
 .text          0x00000000        0x0 /home/adam/Code/ARM/arm-2008q3/bin/../lib/gcc/arm-none-eabi/4.3.2/crtend.o
 .data          0x00000000        0x0 /home/adam/Code/ARM/arm-2008q3/bin/../lib/gcc/arm-none-eabi/4.3.2/crtend.o
 .bss           0x00000000        0x0 /home/adam/Code/ARM/arm-2008q3/bin/../lib/gcc/arm-none-eabi/4.3.2/crtend.o
 .eh_frame      0x00000000        0x0 /home/adam/Code/ARM/arm-2008q3/bin/../lib/gcc/arm-none-eabi/4.3.2/crtend.o
 .jcr           0x00000000        0x0 /home/adam/Code/ARM/arm-2008q3/bin/../lib/gcc/arm-none-eabi/4.3.2/crtend.o
 .text          0x00000000        0x0 /home/adam/Code/ARM/arm-2008q3/bin/../lib/gcc/arm-none-eabi/4.3.2/crtn.o
 .data          0x00000000        0x0 /home/adam/Code/ARM/arm-2008q3/bin/../lib/gcc/arm-none-eabi/4.3.2/crtn.o
 .bss           0x00000000        0x0 /home/adam/Code/ARM/arm-2008q3/bin/../lib/gcc/arm-none-eabi/4.3.2/crtn.o
 .init          0x00000000        0x0 /home/adam/Code/ARM/arm-2008q3/bin/../lib/gcc/arm-none-eabi/4.3.2/crtn.o
 .fini          0x00000000        0x0 /home/adam/Code/ARM/arm-2008q3/bin/../lib/gcc/arm-none-eabi/4.3.2/crtn.o

Memory Configuration

Name             Origin             Length             Attributes
RAM              0x20000000         0x00005000         xrw
FLASH            0x08000000         0x00020000         xr
FLASHB1          0x00000000         0x00000000         xr
EXTMEMB0         0x00000000         0x00000000         xr
EXTMEMB1         0x00000000         0x00000000         xr
EXTMEMB2         0x00000000         0x00000000         xr
EXTMEMB3         0x00000000         0x00000000         xr
*default*        0x00000000         0xffffffff

Linker script and memory map

LOAD /home/adam/Code/ARM/arm-2008q3/bin/../lib/gcc/arm-none-eabi/4.3.2/crti.o
LOAD /home/adam/Code/ARM/arm-2008q3/bin/../lib/gcc/arm-none-eabi/4.3.2/crtbegin.o
LOAD main.o
LOAD drive.o
LOAD stm32f10x_it.o
LOAD lib/libstm32.a
START GROUP
LOAD /home/adam/Code/ARM/arm-2008q3/bin/../lib/gcc/arm-none-eabi/4.3.2/libgcc.a
LOAD /home/adam/Code/ARM/arm-2008q3/bin/../lib/gcc/arm-none-eabi/4.3.2/../../../../arm-none-eabi/lib/libc.a
END GROUP
LOAD /home/adam/Code/ARM/arm-2008q3/bin/../lib/gcc/arm-none-eabi/4.3.2/crtend.o
LOAD /home/adam/Code/ARM/arm-2008q3/bin/../lib/gcc/arm-none-eabi/4.3.2/crtn.o
                0x00000400                __Stack_Size = 0x400
                0x00000400                PROVIDE (_Stack_Size, __Stack_Size)
                0x20004c00                __Stack_Init = (_estack - __Stack_Size)
                0x20004c00                PROVIDE (_Stack_Init, __Stack_Init)
                0x00000100                _Minimum_Stack_Size = 0x100
                0x00000000                PROVIDE (Undefined_Handler, 0x0)
                0x00000000                PROVIDE (SWI_Handler, 0x0)
                0x00000000                PROVIDE (IRQ_Handler, 0x0)
                0x00000000                PROVIDE (Prefetch_Handler, 0x0)
                0x00000000                PROVIDE (Abort_Handler, 0x0)
                0x00000000                PROVIDE (FIQ_Handler, 0x0)
                0x00000000                PROVIDE (NMIException, 0x0)
                0x00000000                PROVIDE (HardFaultException, 0x0)
                0x00000000                PROVIDE (MemManageException, 0x0)
                0x00000000                PROVIDE (BusFaultException, 0x0)
                0x00000000                PROVIDE (UsageFaultException, 0x0)
                0x00000000                PROVIDE (SVCHandler, 0x0)
                0x00000000                PROVIDE (DebugMonitor, 0x0)
                0x00000000                PROVIDE (PendSVC, 0x0)
                0x00000000                PROVIDE (SysTickHandler, 0x0)
                0x00000000                PROVIDE (WWDG_IRQHandler, 0x0)
                0x00000000                PROVIDE (PVD_IRQHandler, 0x0)
                0x00000000                PROVIDE (TAMPER_IRQHandler, 0x0)
                0x00000000                PROVIDE (RTC_IRQHandler, 0x0)
                0x00000000                PROVIDE (FLASH_IRQHandler, 0x0)
                0x00000000                PROVIDE (RCC_IRQHandler, 0x0)
                0x00000000                PROVIDE (EXTI0_IRQHandler, 0x0)
                0x00000000                PROVIDE (EXTI1_IRQHandler, 0x0)
                0x00000000                PROVIDE (EXTI2_IRQHandler, 0x0)
                0x00000000                PROVIDE (EXTI3_IRQHandler, 0x0)
                0x00000000                PROVIDE (EXTI4_IRQHandler, 0x0)
                0x00000000                PROVIDE (DMAChannel1_IRQHandler, 0x0)
                0x00000000                PROVIDE (DMAChannel2_IRQHandler, 0x0)
                0x00000000                PROVIDE (DMAChannel3_IRQHandler, 0x0)
                0x00000000                PROVIDE (DMAChannel4_IRQHandler, 0x0)
                0x00000000                PROVIDE (DMAChannel5_IRQHandler, 0x0)
                0x00000000                PROVIDE (DMAChannel6_IRQHandler, 0x0)
                0x00000000                PROVIDE (DMAChannel7_IRQHandler, 0x0)
                0x00000000                PROVIDE (ADC_IRQHandler, 0x0)
                0x00000000                PROVIDE (USB_HP_CAN_TX_IRQHandler, 0x0)
                0x00000000                PROVIDE (USB_LP_CAN_RX0_IRQHandler, 0x0)
                0x00000000                PROVIDE (CAN_RX1_IRQHandler, 0x0)
                0x00000000                PROVIDE (CAN_SCE_IRQHandler, 0x0)
                0x00000000                PROVIDE (EXTI9_5_IRQHandler, 0x0)
                0x00000000                PROVIDE (TIM1_BRK_IRQHandler, 0x0)
                0x00000000                PROVIDE (TIM1_UP_IRQHandler, 0x0)
                0x00000000                PROVIDE (TIM1_TRG_COM_IRQHandler, 0x0)
                0x00000000                PROVIDE (TIM1_CC_IRQHandler, 0x0)
                0x00000000                PROVIDE (TIM2_IRQHandler, 0x0)
                0x00000000                PROVIDE (TIM3_IRQHandler, 0x0)
                0x00000000                PROVIDE (TIM4_IRQHandler, 0x0)
                0x00000000                PROVIDE (I2C1_EV_IRQHandler, 0x0)
                0x00000000                PROVIDE (I2C1_ER_IRQHandler, 0x0)
                0x00000000                PROVIDE (I2C2_EV_IRQHandler, 0x0)
                0x00000000                PROVIDE (I2C2_ER_IRQHandler, 0x0)
                0x00000000                PROVIDE (SPI1_IRQHandler, 0x0)
                0x00000000                PROVIDE (SPI2_IRQHandler, 0x0)
                0x00000000                PROVIDE (USART1_IRQHandler, 0x0)
                0x00000000                PROVIDE (USART2_IRQHandler, 0x0)
                0x00000000                PROVIDE (USART3_IRQHandler, 0x0)
                0x00000000                PROVIDE (EXTI15_10_IRQHandler, 0x0)
                0x00000000                PROVIDE (RTCAlarm_IRQHandler, 0x0)
                0x00000000                PROVIDE (USBWakeUp_IRQHandler, 0x0)
                0x42000000                PERIPH_BB_BASE = 0x42000000
                0x22000000                SRAM_BB_BASE = 0x22000000
                0x20000000                SRAM_BASE = 0x20000000
                0x40000000                PERIPH_BASE = 0x40000000
                0x40022000                PROVIDE (FLASH_BASE, 0x40022000)
                0x1ffff800                PROVIDE (OB_BASE, 0x1ffff800)
                0x40000000                APB1PERIPH_BASE = PERIPH_BASE
                0x40010000                APB2PERIPH_BASE = (PERIPH_BASE + 0x10000)
                0x40020000                AHBPERIPH_BASE = (PERIPH_BASE + 0x20000)
                0x40000000                PROVIDE (TIM2, (APB1PERIPH_BASE + 0x0))
                0x40000400                PROVIDE (TIM3, (APB1PERIPH_BASE + 0x400))
                0x40000800                PROVIDE (TIM4, (APB1PERIPH_BASE + 0x800))
                0x40002800                PROVIDE (RTC, (APB1PERIPH_BASE + 0x2800))
                0x40002c00                PROVIDE (WWDG, (APB1PERIPH_BASE + 0x2c00))
                0x40003000                PROVIDE (IWDG, (APB1PERIPH_BASE + 0x3000))
                0x40003800                PROVIDE (SPI2, (APB1PERIPH_BASE + 0x3800))
                0x40004400                PROVIDE (USART2, (APB1PERIPH_BASE + 0x4400))
                0x40004800                PROVIDE (USART3, (APB1PERIPH_BASE + 0x4800))
                0x40005400                PROVIDE (I2C1, (APB1PERIPH_BASE + 0x5400))
                0x40005800                PROVIDE (I2C2, (APB1PERIPH_BASE + 0x5800))
                0x40006400                PROVIDE (CAN, (APB1PERIPH_BASE + 0x6400))
                0x40006c00                PROVIDE (BKP, (APB1PERIPH_BASE + 0x6c00))
                0x40007000                PROVIDE (PWR, (APB1PERIPH_BASE + 0x7000))
                0x40010000                PROVIDE (AFIO, (APB2PERIPH_BASE + 0x0))
                0x40010400                PROVIDE (EXTI, (APB2PERIPH_BASE + 0x400))
                0x40010800                PROVIDE (GPIOA, (APB2PERIPH_BASE + 0x800))
                0x40010c00                PROVIDE (GPIOB, (APB2PERIPH_BASE + 0xc00))
                0x40011000                PROVIDE (GPIOC, (APB2PERIPH_BASE + 0x1000))
                0x40011400                PROVIDE (GPIOD, (APB2PERIPH_BASE + 0x1400))
                0x40011800                PROVIDE (GPIOE, (APB2PERIPH_BASE + 0x1800))
                0x40012400                PROVIDE (ADC1, (APB2PERIPH_BASE + 0x2400))
                0x40012800                PROVIDE (ADC2, (APB2PERIPH_BASE + 0x2800))
                0x40012c00                PROVIDE (TIM1, (APB2PERIPH_BASE + 0x2c00))
                0x40013000                PROVIDE (SPI1, (APB2PERIPH_BASE + 0x3000))
                0x40013800                PROVIDE (USART1, (APB2PERIPH_BASE + 0x3800))
                0x40020000                PROVIDE (DMA, (AHBPERIPH_BASE + 0x0))
                0x40020008                PROVIDE (DMA_Channel1, (AHBPERIPH_BASE + 0x8))
                0x4002001c                PROVIDE (DMA_Channel2, (AHBPERIPH_BASE + 0x1c))
                0x40020030                PROVIDE (DMA_Channel3, (AHBPERIPH_BASE + 0x30))
                0x40020044                PROVIDE (DMA_Channel4, (AHBPERIPH_BASE + 0x44))
                0x40020058                PROVIDE (DMA_Channel5, (AHBPERIPH_BASE + 0x58))
                0x4002006c                PROVIDE (DMA_Channel6, (AHBPERIPH_BASE + 0x6c))
                0x40020080                PROVIDE (DMA_Channel7, (AHBPERIPH_BASE + 0x80))
                0x40021000                PROVIDE (RCC, (AHBPERIPH_BASE + 0x1000))
                0xe000e000                SCS_BASE = 0xe000e000
                0xe000e010                PROVIDE (SysTick, (SCS_BASE + 0x10))
                0xe000e100                PROVIDE (NVIC, (SCS_BASE + 0x100))
                0xe000ed00                PROVIDE (SCB, (SCS_BASE + 0xd00))
                0x20005000                _estack = 0x20005000

.isr_vector     0x08000000      0x130
                0x08000000                . = ALIGN (0x4)
 *(.isr_vector)
 .isr_vector    0x08000000      0x130 lib/libstm32.a(stm32f10x_vector.o)
                0x08000000                g_pfnVectors
                0x08000130                . = ALIGN (0x4)

.flashtext      0x08000130        0x0
                0x08000130                . = ALIGN (0x4)
 *(.flashtext)
                0x08000130                . = ALIGN (0x4)

.text           0x08000130     0x5030
                0x08000130                . = ALIGN (0x4)
 *(.text)
 .text          0x08000130      0x3b0 main.o
                0x0800043c                Clock_Config
                0x0800030c                ADC_Config
                0x08000130                main
                0x08000240                NVIC_Config
                0x08000298                TIM_Config
                0x08000158                Delay
                0x0800017c                GPIO_Config
 .text          0x080004e0      0x180 drive.o
                0x08000648                steer_straight
                0x080005f8                steer_left
                0x08000620                steer_right
                0x0800056c                drive_backwards
                0x080004e0                drive_forwards
 .text          0x08000660      0x37c stm32f10x_it.o
                0x0800071c                EXTI2_IRQHandler
                0x08000674                MemManageException
                0x08000928                TIM8_TRG_COM_IRQHandler
                0x08000934                TIM8_CC_IRQHandler
                0x0800067c                BusFaultException
                0x08000850                TIM1_CC_IRQHandler
                0x08000994                TIM6_IRQHandler
                0x080006c8                PVD_IRQHandler
                0x08000958                SDIO_IRQHandler
                0x08000728                EXTI3_IRQHandler
                0x0800068c                DebugMonitor
                0x08000698                SVCHandler
                0x0800066c                HardFaultException
                0x080007f0                USB_HP_CAN_TX_IRQHandler
                0x08000704                EXTI0_IRQHandler
                0x08000898                I2C2_EV_IRQHandler
                0x08000794                ADC1_2_IRQHandler
                0x080008b0                SPI1_IRQHandler
                0x08000814                CAN_SCE_IRQHandler
                0x080006d4                TAMPER_IRQHandler
                0x0800091c                TIM8_UP_IRQHandler
                0x080009b8                DMA2_Channel2_IRQHandler
                0x08000764                DMA1_Channel4_IRQHandler
                0x08000660                NMIException
                0x080008e0                USART3_IRQHandler
                0x080006e0                RTC_IRQHandler
                0x080006b0                SysTickHandler
                0x08000788                DMA1_Channel7_IRQHandler
                0x080006a4                PendSVC
                0x08000988                UART5_IRQHandler
                0x08000940                ADC3_IRQHandler
                0x08000874                TIM4_IRQHandler
                0x08000808                CAN_RX1_IRQHandler
                0x080009ac                DMA2_Channel1_IRQHandler
                0x08000880                I2C1_EV_IRQHandler
                0x0800077c                DMA1_Channel6_IRQHandler
                0x0800097c                UART4_IRQHandler
                0x08000868                TIM3_IRQHandler
                0x080006f8                RCC_IRQHandler
                0x08000844                TIM1_TRG_COM_IRQHandler
                0x08000740                DMA1_Channel1_IRQHandler
                0x080008ec                EXTI15_10_IRQHandler
                0x080009a0                TIM7_IRQHandler
                0x08000964                TIM5_IRQHandler
                0x08000820                EXTI9_5_IRQHandler
                0x080008bc                SPI2_IRQHandler
                0x080007fc                USB_LP_CAN_RX0_IRQHandler
                0x08000770                DMA1_Channel5_IRQHandler
                0x08000734                EXTI4_IRQHandler
                0x08000758                DMA1_Channel3_IRQHandler
                0x0800094c                FSMC_IRQHandler
                0x08000838                TIM1_UP_IRQHandler
                0x080006bc                WWDG_IRQHandler
                0x0800085c                TIM2_IRQHandler
                0x0800082c                TIM1_BRK_IRQHandler
                0x08000710                EXTI1_IRQHandler
                0x080008f8                RTCAlarm_IRQHandler
                0x080009d0                DMA2_Channel4_5_IRQHandler
                0x080008d4                USART2_IRQHandler
                0x080008a4                I2C2_ER_IRQHandler
                0x0800074c                DMA1_Channel2_IRQHandler
                0x08000910                TIM8_BRK_IRQHandler
                0x08000684                UsageFaultException
                0x080006ec                FLASH_IRQHandler
                0x080008c8                USART1_IRQHandler
                0x08000970                SPI3_IRQHandler
                0x0800088c                I2C1_ER_IRQHandler
                0x08000904                USBWakeUp_IRQHandler
                0x080009c4                DMA2_Channel3_IRQHandler
 .text          0x080009dc       0xcc lib/libstm32.a(stm32f10x_flash.o)
                0x08000a20                FLASH_HalfCycleAccessCmd
                0x08000a64                FLASH_PrefetchBufferCmd
                0x080009dc                FLASH_SetLatency
 .text          0x08000aa8      0x704 lib/libstm32.a(stm32f10x_gpio.o)
                0x08000f74                GPIO_EventOutputConfig
                0x08000e54                GPIO_ReadOutputDataBit
                0x08000fd4                GPIO_EventOutputCmd
                0x08000ff4                GPIO_PinRemapConfig
                0x08000c08                GPIO_Init
                0x08000be8                GPIO_AFIODeInit
                0x08000f14                GPIO_Write
                0x08000e90                GPIO_ReadOutputData
                0x08000e38                GPIO_ReadInputData
                0x08000eac                GPIO_SetBits
                0x08000ee4                GPIO_WriteBit
                0x08000ec8                GPIO_ResetBits
                0x080010f4                GPIO_EXTILineConfig
                0x08000aa8                GPIO_DeInit
                0x08000dd0                GPIO_StructInit
                0x08000f30                GPIO_PinLockConfig
                0x08000dfc                GPIO_ReadInputDataBit
 .text          0x080011ac      0x990 lib/libstm32.a(stm32f10x_nvic.o)
                0x080014d0                NVIC_SETFAULTMASK
                0x08001504                NVIC_GetBASEPRI
                0x0800131c                NVIC_Init
                0x080016b0                NVIC_SetVectorTable
                0x080015a4                NVIC_SetIRQChannelPendingBit
                0x080014b8                NVIC_SETPRIMASK
                0x08001960                NVIC_SetSystemHandlerPendingBit
                0x080015c4                NVIC_ClearIRQChannelPendingBit
                0x08001514                NVIC_GetCurrentPendingIRQChannel
                0x08001aec                NVIC_GetFaultAddress
                0x080016e0                NVIC_GenerateSystemReset
                0x08001630                NVIC_GetIRQChannelActiveBitStatus
                0x08001230                NVIC_SCBDeInit
                0x08001774                NVIC_SystemHandlerConfig
                0x08001600                NVIC_GetCurrentActiveHandler
                0x080014dc                NVIC_RESETFAULTMASK
                0x080019ec                NVIC_GetSystemHandlerActiveBitStatus
                0x080014c4                NVIC_RESETPRIMASK
                0x080019a4                NVIC_ClearSystemHandlerPendingBit
                0x08001718                NVIC_SystemLPConfig
                0x080017e0                NVIC_SystemHandlerPriorityConfig
                0x0800153c                NVIC_GetIRQChannelPendingBitStatus
                0x080016fc                NVIC_GenerateCoreReset
                0x08001698                NVIC_GetCPUID
                0x080014e8                NVIC_BASEPRICONFIG
                0x080012f4                NVIC_PriorityGroupConfig
                0x08001484                NVIC_StructInit
                0x080018f4                NVIC_GetSystemHandlerPendingBitStatus
                0x080011ac                NVIC_DeInit
                0x08001a54                NVIC_GetFaultHandlerSources
 .text          0x08001b3c      0xa18 lib/libstm32.a(stm32f10x_rcc.o)
                0x08001d10                RCC_HSICmd
                0x08001d7c                RCC_PLLCmd
                0x08002534                RCC_ClearITPendingBit
                0x08002420                RCC_MCOConfig
                0x08001ecc                RCC_ITConfig
                0x08001d9c                RCC_SYSCLKConfig
                0x08001c64                RCC_WaitForHSEStartUp
                0x080023e0                RCC_BackupResetCmd
                0x08002400                RCC_ClockSecuritySystemCmd
                0x080024d0                RCC_ClearFlag
                0x08001bd8                RCC_HSEConfig
                0x08002280                RCC_APB2PeriphClockCmd
                0x08001d30                RCC_PLLConfig
                0x08001f50                RCC_ADCCLKConfig
                0x08001f94                RCC_LSEConfig
                0x08002040                RCC_RTCCLKCmd
                0x080022d8                RCC_APB1PeriphClockCmd
                0x080024f4                RCC_GetITStatus
                0x08002228                RCC_AHBPeriphClockCmd
                0x08002440                RCC_GetFlagStatus
                0x08001de0                RCC_GetSYSCLKSource
                0x08002060                RCC_GetClocksFreq
                0x08002014                RCC_RTCCLKConfig
                0x08001cc8                RCC_AdjustHSICalibrationValue
                0x08001e40                RCC_PCLK1Config
                0x08001f30                RCC_USBCLKConfig
                0x08001e84                RCC_PCLK2Config
                0x08001b3c                RCC_DeInit
                0x08002388                RCC_APB1PeriphResetCmd
                0x08001ff4                RCC_LSICmd
                0x08002330                RCC_APB2PeriphResetCmd
                0x08001dfc                RCC_HCLKConfig
 .text          0x08002554     0x1f88 lib/libstm32.a(stm32f10x_tim.o)
                0x08002de8                TIM_TimeBaseStructInit
                0x080033d0                TIM_ForcedOC2Config
                0x08003ecc                TIM_SetCompare2
                0x080034dc                TIM_SelectCOM
                0x08003a74                TIM_CCxCmd
                0x08004004                TIM_SetIC4Prescaler
                0x0800357c                TIM_CCPreloadControl
                0x080035cc                TIM_OC1PreloadConfig
                0x080031b0                TIM_ETRClockMode2Config
                0x080038f8                TIM_OC1NPolarityConfig
                0x08003394                TIM_ForcedOC1Config
                0x0800303c                TIM_DMACmd
                0x08003150                TIM_ETRClockMode1Config
                0x08003fbc                TIM_SetIC3Prescaler
                0x0800383c                TIM_ClearOC3Ref
                0x08002f50                TIM_CtrlPWMOutputs
                0x08002f00                TIM_Cmd
                0x08003684                TIM_OC4PreloadConfig
                0x08004174                TIM_ClearFlag
                0x080041fc                TIM_ClearITPendingBit
                0x080040fc                TIM_GetCounter
                0x080040c4                TIM_GetCapture3
                0x0800408c                TIM_GetCapture1
                0x080029cc                TIM_OC3Init
                0x08002554                TIM_DeInit
                0x08004134                TIM_GetFlagStatus
                0x08003740                TIM_OC3FastConfig
                0x0800352c                TIM_SelectCCDMA
                0x08004054                TIM_SetClockDivision
                0x0800274c                TIM_OC1Init
                0x08003648                TIM_OC3PreloadConfig
                0x08003e94                TIM_SetAutoreload
                0x0800348c                TIM_ARRPreloadConfig
                0x08004198                TIM_GetITStatus
                0x08003b24                TIM_SelectOCxM
                0x080036c4                TIM_OC1FastConfig
                0x08003608                TIM_OC2PreloadConfig
                0x080032b8                TIM_SelectInputTrigger
                0x08002fa8                TIM_ITConfig
                0x08002878                TIM_OC2Init
                0x0800324c                TIM_PrescalerConfig
                0x08003a34                TIM_OC4PolarityConfig
                0x08003da0                TIM_SelectOutputTrigger
                0x08003ee8                TIM_SetCompare3
                0x08002b1c                TIM_OC4Init
                0x08003d08                TIM_SelectHallSensor
                0x08003f24                TIM_SetIC1Prescaler
                0x0800344c                TIM_ForcedOC4Config
                0x080030bc                TIM_ITRxExternalClockConfig
                0x080039b4                TIM_OC3PolarityConfig
                0x08003088                TIM_InternalClockConfig
                0x080038bc                TIM_OC1PolarityConfig
                0x08003700                TIM_OC2FastConfig
                0x08003e78                TIM_SetCounter
                0x08003f04                TIM_SetCompare4
                0x080040a8                TIM_GetCapture2
                0x08004118                TIM_GetPrescaler
                0x080037f8                TIM_ClearOC2Ref
                0x08002c18                TIM_ICInit
                0x08002e78                TIM_ICStructInit
                0x08002cc0                TIM_PWMIConfig
                0x08003974                TIM_OC2NPolarityConfig
                0x080037bc                TIM_ClearOC1Ref
                0x08003cb8                TIM_UpdateRequestConfig
                0x08003410                TIM_ForcedOC3Config
                0x080030ec                TIM_TIxExternalClockConfig
                0x08002eb4                TIM_BDTRStructInit
                0x08002e24                TIM_OCStructInit
                0x080039f4                TIM_OC3NPolarityConfig
                0x08003acc                TIM_CCxNCmd
                0x08003e30                TIM_SelectMasterSlaveMode
                0x080040e0                TIM_GetCapture4
                0x080026c8                TIM_TimeBaseInit
                0x08003010                TIM_DMAConfig
                0x08002ff4                TIM_GenerateEvent
                0x08002d8c                TIM_BDTRConfig
                0x08003f6c                TIM_SetIC2Prescaler
                0x080031f0                TIM_ETRConfig
                0x08003de8                TIM_SelectSlaveMode
                0x08003878                TIM_ClearOC4Ref
                0x08003d58                TIM_SelectOnePulseMode
                0x080032f4                TIM_EncoderInterfaceConfig
                0x08003eb0                TIM_SetCompare1
                0x08003934                TIM_OC2PolarityConfig
                0x08003c68                TIM_UpdateDisableConfig
                0x0800377c                TIM_OC4FastConfig
                0x08003274                TIM_CounterModeConfig
 .text          0x080044dc       0x7a lib/libstm32.a(cortexm3_macro.o)
                0x080044fe                __MRS_CONTROL
                0x08004548                __GetBASEPRI
                0x08004514                __MSR_PSP
                0x0800452e                __READ_PRIMASK
                0x08004526                __RESETPRIMASK
                0x08004538                __SETFAULTMASK
                0x080044e4                __SEV
                0x080044e0                __WFE
                0x08004534                __RESETFAULTMASK
                0x0800451a                __MRS_MSP
                0x08004520                __MSR_MSP
                0x0800450e                __MRS_PSP
                0x0800454e                __REV_HalfWord
                0x080044dc                __WFI
                0x08004504                __MSR_CONTROL
                0x08004542                __BASEPRICONFIG
                0x0800452a                __SETPRIMASK
                0x08004552                __REV_Word
                0x080044fa                __SVC
                0x080044e8                __ISB
                0x080044ee                __DSB
                0x0800453c                __READ_FAULTMASK
                0x080044f4                __DMB
 *fill*         0x08004556        0x2 00
 .text          0x08004558       0x88 lib/libstm32.a(stm32f10x_vector.o)
                0x08004558                Reset_Handler
 .text          0x080045e0      0xb6c lib/libstm32.a(stm32f10x_adc.o)
                0x080047b4                ADC_DMACmd
                0x08004890                ADC_StartCalibration
                0x080050b4                ADC_GetITStatus
                0x08005058                ADC_GetFlagStatus
                0x08004bb4                ADC_ExternalTrigConvCmd
                0x08004c58                ADC_InjectedDiscModeCmd
                0x0800477c                ADC_Cmd
                0x08004fd0                ADC_AnalogWatchdogSingleChannelConfig
                0x08004958                ADC_DiscModeChannelCountConfig
                0x0800511c                ADC_ClearITPendingBit
                0x08004838                ADC_ResetCalibration
                0x08004f6c                ADC_AnalogWatchdogCmd
                0x08004d70                ADC_InjectedChannelConfig
                0x080049dc                ADC_RegularChannelConfig
                0x08004bec                ADC_GetConversionValue
                0x08004fa8                ADC_AnalogWatchdogThresholdsConfig
                0x080048b0                ADC_GetCalibrationStatus
                0x080048e8                ADC_SoftwareStartConvCmd
                0x08004858                ADC_GetResetCalibrationStatus
                0x08004c90                ADC_ExternalTrigInjectedConvConfig
                0x08004c20                ADC_AutoInjectedConvCmd
                0x08004d00                ADC_SoftwareStartInjectedConvCmd
                0x08004920                ADC_GetSoftwareStartConvStatus
                0x08004c08                ADC_GetDualModeConversionValue
                0x08004ec8                ADC_InjectedSequencerLengthConfig
                0x08004738                ADC_StructInit
                0x080047ec                ADC_ITConfig
                0x08005094                ADC_ClearFlag
                0x080045e0                ADC_DeInit
                0x08004cc8                ADC_ExternalTrigInjectedConvCmd
                0x08004670                ADC_Init
                0x08004f14                ADC_SetInjectedOffset
                0x0800500c                ADC_TempSensorVrefintCmd
                0x08004f40                ADC_GetInjectedConversionValue
                0x080049a4                ADC_DiscModeCmd
                0x08004d38                ADC_GetSoftwareStartInjectedConvCmdStatus
 *(.text.*)
 *(.rodata)
 .rodata        0x0800514c       0x14 lib/libstm32.a(stm32f10x_rcc.o)
 *(.rodata*)
 *(.glue_7)
 .glue_7        0x08005160        0x0 /home/adam/Code/ARM/arm-2008q3/bin/../lib/gcc/arm-none-eabi/4.3.2/crti.o
 .glue_7        0x08005160        0x0 /home/adam/Code/ARM/arm-2008q3/bin/../lib/gcc/arm-none-eabi/4.3.2/crtbegin.o
 .glue_7        0x08005160        0x0 main.o
 .glue_7        0x08005160        0x0 drive.o
 .glue_7        0x08005160        0x0 stm32f10x_it.o
 .glue_7        0x08005160        0x0 lib/libstm32.a(stm32f10x_flash.o)
 .glue_7        0x08005160        0x0 lib/libstm32.a(stm32f10x_gpio.o)
 .glue_7        0x08005160        0x0 lib/libstm32.a(stm32f10x_nvic.o)
 .glue_7        0x08005160        0x0 lib/libstm32.a(stm32f10x_rcc.o)
 .glue_7        0x08005160        0x0 lib/libstm32.a(stm32f10x_tim.o)
 .glue_7        0x08005160        0x0 lib/libstm32.a(cortexm3_macro.o)
 .glue_7        0x08005160        0x0 lib/libstm32.a(stm32f10x_vector.o)
 .glue_7        0x08005160        0x0 lib/libstm32.a(stm32f10x_adc.o)
 .glue_7        0x08005160        0x0 /home/adam/Code/ARM/arm-2008q3/bin/../lib/gcc/arm-none-eabi/4.3.2/crtend.o
 .glue_7        0x08005160        0x0 /home/adam/Code/ARM/arm-2008q3/bin/../lib/gcc/arm-none-eabi/4.3.2/crtn.o
 *(.glue_7t)
 .glue_7t       0x08005160        0x0 /home/adam/Code/ARM/arm-2008q3/bin/../lib/gcc/arm-none-eabi/4.3.2/crti.o
 .glue_7t       0x08005160        0x0 /home/adam/Code/ARM/arm-2008q3/bin/../lib/gcc/arm-none-eabi/4.3.2/crtbegin.o
 .glue_7t       0x08005160        0x0 main.o
 .glue_7t       0x08005160        0x0 drive.o
 .glue_7t       0x08005160        0x0 stm32f10x_it.o
 .glue_7t       0x08005160        0x0 lib/libstm32.a(stm32f10x_flash.o)
 .glue_7t       0x08005160        0x0 lib/libstm32.a(stm32f10x_gpio.o)
 .glue_7t       0x08005160        0x0 lib/libstm32.a(stm32f10x_nvic.o)
 .glue_7t       0x08005160        0x0 lib/libstm32.a(stm32f10x_rcc.o)
 .glue_7t       0x08005160        0x0 lib/libstm32.a(stm32f10x_tim.o)
 .glue_7t       0x08005160        0x0 lib/libstm32.a(cortexm3_macro.o)
 .glue_7t       0x08005160        0x0 lib/libstm32.a(stm32f10x_vector.o)
 .glue_7t       0x08005160        0x0 lib/libstm32.a(stm32f10x_adc.o)
 .glue_7t       0x08005160        0x0 /home/adam/Code/ARM/arm-2008q3/bin/../lib/gcc/arm-none-eabi/4.3.2/crtend.o
 .glue_7t       0x08005160        0x0 /home/adam/Code/ARM/arm-2008q3/bin/../lib/gcc/arm-none-eabi/4.3.2/crtn.o
                0x08005160                . = ALIGN (0x4)
                0x08005160                _etext = .
                0x08005160                _sidata = _etext

.vfp11_veneer   0x20000000        0x0
 .vfp11_veneer  0x20000000        0x0 /home/adam/Code/ARM/arm-2008q3/bin/../lib/gcc/arm-none-eabi/4.3.2/crti.o
 .vfp11_veneer  0x20000000        0x0 /home/adam/Code/ARM/arm-2008q3/bin/../lib/gcc/arm-none-eabi/4.3.2/crtbegin.o
 .vfp11_veneer  0x20000000        0x0 main.o
 .vfp11_veneer  0x20000000        0x0 drive.o
 .vfp11_veneer  0x20000000        0x0 stm32f10x_it.o
 .vfp11_veneer  0x20000000        0x0 lib/libstm32.a(stm32f10x_flash.o)
 .vfp11_veneer  0x20000000        0x0 lib/libstm32.a(stm32f10x_gpio.o)
 .vfp11_veneer  0x20000000        0x0 lib/libstm32.a(stm32f10x_nvic.o)
 .vfp11_veneer  0x20000000        0x0 lib/libstm32.a(stm32f10x_rcc.o)
 .vfp11_veneer  0x20000000        0x0 lib/libstm32.a(stm32f10x_tim.o)
 .vfp11_veneer  0x20000000        0x0 lib/libstm32.a(cortexm3_macro.o)
 .vfp11_veneer  0x20000000        0x0 lib/libstm32.a(stm32f10x_vector.o)
 .vfp11_veneer  0x20000000        0x0 lib/libstm32.a(stm32f10x_adc.o)
 .vfp11_veneer  0x20000000        0x0 /home/adam/Code/ARM/arm-2008q3/bin/../lib/gcc/arm-none-eabi/4.3.2/crtend.o
 .vfp11_veneer  0x20000000        0x0 /home/adam/Code/ARM/arm-2008q3/bin/../lib/gcc/arm-none-eabi/4.3.2/crtn.o

.janus_2cc_veneer
                0x20000000        0x0
 .janus_2cc_veneer
                0x20000000        0x0 /home/adam/Code/ARM/arm-2008q3/bin/../lib/gcc/arm-none-eabi/4.3.2/crti.o
 .janus_2cc_veneer
                0x20000000        0x0 /home/adam/Code/ARM/arm-2008q3/bin/../lib/gcc/arm-none-eabi/4.3.2/crtbegin.o
 .janus_2cc_veneer
                0x20000000        0x0 main.o
 .janus_2cc_veneer
                0x20000000        0x0 drive.o
 .janus_2cc_veneer
                0x20000000        0x0 stm32f10x_it.o
 .janus_2cc_veneer
                0x20000000        0x0 lib/libstm32.a(stm32f10x_flash.o)
 .janus_2cc_veneer
                0x20000000        0x0 lib/libstm32.a(stm32f10x_gpio.o)
 .janus_2cc_veneer
                0x20000000        0x0 lib/libstm32.a(stm32f10x_nvic.o)
 .janus_2cc_veneer
                0x20000000        0x0 lib/libstm32.a(stm32f10x_rcc.o)
 .janus_2cc_veneer
                0x20000000        0x0 lib/libstm32.a(stm32f10x_tim.o)
 .janus_2cc_veneer
                0x20000000        0x0 lib/libstm32.a(cortexm3_macro.o)
 .janus_2cc_veneer
                0x20000000        0x0 lib/libstm32.a(stm32f10x_vector.o)
 .janus_2cc_veneer
                0x20000000        0x0 lib/libstm32.a(stm32f10x_adc.o)
 .janus_2cc_veneer
                0x20000000        0x0 /home/adam/Code/ARM/arm-2008q3/bin/../lib/gcc/arm-none-eabi/4.3.2/crtend.o
 .janus_2cc_veneer
                0x20000000        0x0 /home/adam/Code/ARM/arm-2008q3/bin/../lib/gcc/arm-none-eabi/4.3.2/crtn.o

.v4_bx          0x20000000        0x0
 .v4_bx         0x20000000        0x0 /home/adam/Code/ARM/arm-2008q3/bin/../lib/gcc/arm-none-eabi/4.3.2/crti.o
 .v4_bx         0x20000000        0x0 /home/adam/Code/ARM/arm-2008q3/bin/../lib/gcc/arm-none-eabi/4.3.2/crtbegin.o
 .v4_bx         0x20000000        0x0 main.o
 .v4_bx         0x20000000        0x0 drive.o
 .v4_bx         0x20000000        0x0 stm32f10x_it.o
 .v4_bx         0x20000000        0x0 lib/libstm32.a(stm32f10x_flash.o)
 .v4_bx         0x20000000        0x0 lib/libstm32.a(stm32f10x_gpio.o)
 .v4_bx         0x20000000        0x0 lib/libstm32.a(stm32f10x_nvic.o)
 .v4_bx         0x20000000        0x0 lib/libstm32.a(stm32f10x_rcc.o)
 .v4_bx         0x20000000        0x0 lib/libstm32.a(stm32f10x_tim.o)
 .v4_bx         0x20000000        0x0 lib/libstm32.a(cortexm3_macro.o)
 .v4_bx         0x20000000        0x0 lib/libstm32.a(stm32f10x_vector.o)
 .v4_bx         0x20000000        0x0 lib/libstm32.a(stm32f10x_adc.o)
 .v4_bx         0x20000000        0x0 /home/adam/Code/ARM/arm-2008q3/bin/../lib/gcc/arm-none-eabi/4.3.2/crtend.o
 .v4_bx         0x20000000        0x0 /home/adam/Code/ARM/arm-2008q3/bin/../lib/gcc/arm-none-eabi/4.3.2/crtn.o

.data           0x20000000        0x0 load address 0x08005160
                0x20000000                . = ALIGN (0x4)
                0x20000000                _sdata = .
 *(.data)
 *(.data.*)
                0x20000000                . = ALIGN (0x4)
                0x20000000                _edata = .

.bss            0x20000000       0x28
                0x20000000                . = ALIGN (0x4)
                0x20000000                _sbss = .
 *(.bss)
 *(COMMON)
 COMMON         0x20000000       0x28 main.o
                0x20000000                HSEStartUpStatus
                0x20000002                TIM_TimeBaseStructure
                0x2000000c                ADC_InitStructure
                0x20000020                GPIO_InitStructure
                0x20000024                NVIC_InitStructure
                0x20000028                . = ALIGN (0x4)
                0x20000028                _ebss = .
                0x20000028                PROVIDE (end, _ebss)
                0x20000028                PROVIDE (_end, _ebss)

._usrstack      0x20000028      0x100
                0x20000028                . = ALIGN (0x4)
                0x20000028                _susrstack = .
                0x20000128                . = (. + _Minimum_Stack_Size)
 *fill*         0x20000028      0x100 00
                0x20000128                . = ALIGN (0x4)
                0x20000128                _eusrstack = .

.b1text
 *(.b1text)
 *(.b1rodata)
 *(.b1rodata*)

.eb0text
 *(.eb0text)
 *(.eb0rodata)
 *(.eb0rodata*)

.eb1text
 *(.eb1text)
 *(.eb1rodata)
 *(.eb1rodata*)

.eb2text
 *(.eb2text)
 *(.eb2rodata)
 *(.eb2rodata*)

.eb3text
 *(.eb3text)
 *(.eb3rodata)
 *(.eb3rodata*)
                0x20000128                __exidx_start = .
                0x20000128                __exidx_end = .

/DISCARD/
 libc.a(*)
 libm.a(*)
 libgcc.a(*)

.stab
 *(.stab)

.stabstr
 *(.stabstr)

.stab.excl
 *(.stab.excl)

.stab.exclstr
 *(.stab.exclstr)

.stab.index
 *(.stab.index)

.stab.indexstr
 *(.stab.indexstr)

.comment        0x00000000      0x1a4
 *(.comment)
 .comment       0x00000000       0x2a main.o
 .comment       0x0000002a       0x2a drive.o
 .comment       0x00000054       0x2a stm32f10x_it.o
 .comment       0x0000007e       0x2a lib/libstm32.a(stm32f10x_flash.o)
 .comment       0x000000a8       0x2a lib/libstm32.a(stm32f10x_gpio.o)
 .comment       0x000000d2       0x2a lib/libstm32.a(stm32f10x_nvic.o)
 .comment       0x000000fc       0x2a lib/libstm32.a(stm32f10x_rcc.o)
 .comment       0x00000126       0x2a lib/libstm32.a(stm32f10x_tim.o)
 .comment       0x00000150       0x2a lib/libstm32.a(stm32f10x_vector.o)
 .comment       0x0000017a       0x2a lib/libstm32.a(stm32f10x_adc.o)

.debug
 *(.debug)

.line
 *(.line)

.debug_srcinfo
 *(.debug_srcinfo)

.debug_sfnames
 *(.debug_sfnames)

.debug_aranges  0x00000000      0x160
 *(.debug_aranges)
 .debug_aranges
                0x00000000       0x20 main.o
 .debug_aranges
                0x00000020       0x20 drive.o
 .debug_aranges
                0x00000040       0x20 stm32f10x_it.o
 .debug_aranges
                0x00000060       0x20 lib/libstm32.a(stm32f10x_flash.o)
 .debug_aranges
                0x00000080       0x20 lib/libstm32.a(stm32f10x_gpio.o)
 .debug_aranges
                0x000000a0       0x20 lib/libstm32.a(stm32f10x_nvic.o)
 .debug_aranges
                0x000000c0       0x20 lib/libstm32.a(stm32f10x_rcc.o)
 .debug_aranges
                0x000000e0       0x20 lib/libstm32.a(stm32f10x_tim.o)
 .debug_aranges
                0x00000100       0x20 lib/libstm32.a(cortexm3_macro.o)
 .debug_aranges
                0x00000120       0x20 lib/libstm32.a(stm32f10x_vector.o)
 .debug_aranges
                0x00000140       0x20 lib/libstm32.a(stm32f10x_adc.o)

.debug_pubnames
                0x00000000     0x1b73
 *(.debug_pubnames)
 .debug_pubnames
                0x00000000       0xe7 main.o
 .debug_pubnames
                0x000000e7       0x6b drive.o
 .debug_pubnames
                0x00000152      0x63c stm32f10x_it.o
 .debug_pubnames
                0x0000078e       0x60 lib/libstm32.a(stm32f10x_flash.o)
 .debug_pubnames
                0x000007ee      0x17b lib/libstm32.a(stm32f10x_gpio.o)
 .debug_pubnames
                0x00000969      0x360 lib/libstm32.a(stm32f10x_nvic.o)
 .debug_pubnames
                0x00000cc9      0x2c4 lib/libstm32.a(stm32f10x_rcc.o)
 .debug_pubnames
                0x00000f8d      0x7b0 lib/libstm32.a(stm32f10x_tim.o)
 .debug_pubnames
                0x0000173d       0x35 lib/libstm32.a(stm32f10x_vector.o)
 .debug_pubnames
                0x00001772      0x401 lib/libstm32.a(stm32f10x_adc.o)

.debug_info     0x00000000     0x57dc
 *(.debug_info .gnu.linkonce.wi.*)
 .debug_info    0x00000000      0x781 main.o
 .debug_info    0x00000781      0x484 drive.o
 .debug_info    0x00000c05      0x7c5 stm32f10x_it.o
 .debug_info    0x000013ca      0x165 lib/libstm32.a(stm32f10x_flash.o)
 .debug_info    0x0000152f      0x67d lib/libstm32.a(stm32f10x_gpio.o)
 .debug_info    0x00001bac      0x929 lib/libstm32.a(stm32f10x_nvic.o)
 .debug_info    0x000024d5      0x895 lib/libstm32.a(stm32f10x_rcc.o)
 .debug_info    0x00002d6a     0x1d79 lib/libstm32.a(stm32f10x_tim.o)
 .debug_info    0x00004ae3       0x5d lib/libstm32.a(cortexm3_macro.o)
 .debug_info    0x00004b40      0x108 lib/libstm32.a(stm32f10x_vector.o)
 .debug_info    0x00004c48      0xb94 lib/libstm32.a(stm32f10x_adc.o)

.debug_abbrev   0x00000000      0xc3b
 *(.debug_abbrev)
 .debug_abbrev  0x00000000      0x128 main.o
 .debug_abbrev  0x00000128       0xee drive.o
 .debug_abbrev  0x00000216       0xaf stm32f10x_it.o
 .debug_abbrev  0x000002c5       0xa2 lib/libstm32.a(stm32f10x_flash.o)
 .debug_abbrev  0x00000367      0x1b2 lib/libstm32.a(stm32f10x_gpio.o)
 .debug_abbrev  0x00000519      0x1df lib/libstm32.a(stm32f10x_nvic.o)
 .debug_abbrev  0x000006f8      0x1bd lib/libstm32.a(stm32f10x_rcc.o)
 .debug_abbrev  0x000008b5      0x17f lib/libstm32.a(stm32f10x_tim.o)
 .debug_abbrev  0x00000a34       0x14 lib/libstm32.a(cortexm3_macro.o)
 .debug_abbrev  0x00000a48       0xa8 lib/libstm32.a(stm32f10x_vector.o)
 .debug_abbrev  0x00000af0      0x14b lib/libstm32.a(stm32f10x_adc.o)

.debug_line     0x00000000      0xec8
 *(.debug_line)
 .debug_line    0x00000000      0x104 main.o
 .debug_line    0x00000104       0x9f drive.o
 .debug_line    0x000001a3      0x172 stm32f10x_it.o
 .debug_line    0x00000315       0x88 lib/libstm32.a(stm32f10x_flash.o)
 .debug_line    0x0000039d      0x146 lib/libstm32.a(stm32f10x_gpio.o)
 .debug_line    0x000004e3      0x195 lib/libstm32.a(stm32f10x_nvic.o)
 .debug_line    0x00000678      0x194 lib/libstm32.a(stm32f10x_rcc.o)
 .debug_line    0x0000080c      0x3e4 lib/libstm32.a(stm32f10x_tim.o)
 .debug_line    0x00000bf0       0xa2 lib/libstm32.a(cortexm3_macro.o)
 .debug_line    0x00000c92       0x56 lib/libstm32.a(stm32f10x_vector.o)
 .debug_line    0x00000ce8      0x1e0 lib/libstm32.a(stm32f10x_adc.o)

.debug_frame    0x00000000     0x1f84
 *(.debug_frame)
 .debug_frame   0x00000000       0xd4 main.o
 .debug_frame   0x000000d4       0xa4 drive.o
 .debug_frame   0x00000178      0x68c stm32f10x_it.o
 .debug_frame   0x00000804       0x64 lib/libstm32.a(stm32f10x_flash.o)
 .debug_frame   0x00000868      0x1f4 lib/libstm32.a(stm32f10x_gpio.o)
 .debug_frame   0x00000a5c      0x34c lib/libstm32.a(stm32f10x_nvic.o)
 .debug_frame   0x00000da8      0x388 lib/libstm32.a(stm32f10x_rcc.o)
 .debug_frame   0x00001130      0xa20 lib/libstm32.a(stm32f10x_tim.o)
 .debug_frame   0x00001b50       0x34 lib/libstm32.a(stm32f10x_vector.o)
 .debug_frame   0x00001b84      0x400 lib/libstm32.a(stm32f10x_adc.o)

.debug_str      0x00000000     0x24b1
 *(.debug_str)
 .debug_str     0x00000000      0x50e main.o
                                0x520 (size before relaxing)
 .debug_str     0x0000050e       0xef drive.o
                                0x299 (size before relaxing)
 .debug_str     0x000005fd      0x525 stm32f10x_it.o
                                0x5f4 (size before relaxing)
 .debug_str     0x00000b22       0xab lib/libstm32.a(stm32f10x_flash.o)
                                0x129 (size before relaxing)
 .debug_str     0x00000bcd      0x214 lib/libstm32.a(stm32f10x_gpio.o)
                                0x3bc (size before relaxing)
 .debug_str     0x00000de1      0x44e lib/libstm32.a(stm32f10x_nvic.o)
                                0x5c2 (size before relaxing)
 .debug_str     0x0000122f      0x403 lib/libstm32.a(stm32f10x_rcc.o)
                                0x504 (size before relaxing)
 .debug_str     0x00001632      0x9ba lib/libstm32.a(stm32f10x_tim.o)
                                0xcce (size before relaxing)
 .debug_str     0x00001fec       0x6f lib/libstm32.a(stm32f10x_vector.o)
                                 0xe8 (size before relaxing)
 .debug_str     0x0000205b      0x456 lib/libstm32.a(stm32f10x_adc.o)
                                0x5f1 (size before relaxing)

.debug_loc      0x00000000     0x3a35
 *(.debug_loc)
 .debug_loc     0x00000000      0x139 main.o
 .debug_loc     0x00000139       0xef drive.o
 .debug_loc     0x00000228      0xb97 stm32f10x_it.o
 .debug_loc     0x00000dbf       0xa5 lib/libstm32.a(stm32f10x_flash.o)
 .debug_loc     0x00000e64      0x39b lib/libstm32.a(stm32f10x_gpio.o)
 .debug_loc     0x000011ff      0x606 lib/libstm32.a(stm32f10x_nvic.o)
 .debug_loc     0x00001805      0x6bc lib/libstm32.a(stm32f10x_rcc.o)
 .debug_loc     0x00001ec1     0x138d lib/libstm32.a(stm32f10x_tim.o)
 .debug_loc     0x0000324e       0x37 lib/libstm32.a(stm32f10x_vector.o)
 .debug_loc     0x00003285      0x7b0 lib/libstm32.a(stm32f10x_adc.o)

.debug_macinfo
 *(.debug_macinfo)

.debug_weaknames
 *(.debug_weaknames)

.debug_funcnames
 *(.debug_funcnames)

.debug_typenames
 *(.debug_typenames)

.debug_varnames
 *(.debug_varnames)
OUTPUT(main.elf elf32-littlearm)

.ARM.attributes
                0x00000000       0x31
 .ARM.attributes
                0x00000000       0x14 /home/adam/Code/ARM/arm-2008q3/bin/../lib/gcc/arm-none-eabi/4.3.2/crti.o
 .ARM.attributes
                0x00000014       0x2e /home/adam/Code/ARM/arm-2008q3/bin/../lib/gcc/arm-none-eabi/4.3.2/crtbegin.o
 .ARM.attributes
                0x00000042       0x31 main.o
 .ARM.attributes
                0x00000073       0x31 drive.o
 .ARM.attributes
                0x000000a4       0x31 stm32f10x_it.o
 .ARM.attributes
                0x000000d5       0x31 lib/libstm32.a(stm32f10x_flash.o)
 .ARM.attributes
                0x00000106       0x31 lib/libstm32.a(stm32f10x_gpio.o)
 .ARM.attributes
                0x00000137       0x31 lib/libstm32.a(stm32f10x_nvic.o)
 .ARM.attributes
                0x00000168       0x31 lib/libstm32.a(stm32f10x_rcc.o)
 .ARM.attributes
                0x00000199       0x31 lib/libstm32.a(stm32f10x_tim.o)
 .ARM.attributes
                0x000001ca       0x21 lib/libstm32.a(cortexm3_macro.o)
 .ARM.attributes
                0x000001eb       0x31 lib/libstm32.a(stm32f10x_vector.o)
 .ARM.attributes
                0x0000021c       0x31 lib/libstm32.a(stm32f10x_adc.o)
 .ARM.attributes
                0x0000024d       0x2c /home/adam/Code/ARM/arm-2008q3/bin/../lib/gcc/arm-none-eabi/4.3.2/crtend.o
 .ARM.attributes
                0x00000279       0x14 /home/adam/Code/ARM/arm-2008q3/bin/../lib/gcc/arm-none-eabi/4.3.2/crtn.o

Cross Reference Table

Symbol                                            File
ADC1_2_IRQHandler                                 stm32f10x_it.o
                                                  lib/libstm32.a(stm32f10x_vector.o)
ADC3_IRQHandler                                   stm32f10x_it.o
                                                  lib/libstm32.a(stm32f10x_vector.o)
ADC_AnalogWatchdogCmd                             lib/libstm32.a(stm32f10x_adc.o)
                                                  main.o
ADC_AnalogWatchdogSingleChannelConfig             lib/libstm32.a(stm32f10x_adc.o)
                                                  main.o
ADC_AnalogWatchdogThresholdsConfig                lib/libstm32.a(stm32f10x_adc.o)
                                                  main.o
ADC_AutoInjectedConvCmd                           lib/libstm32.a(stm32f10x_adc.o)
ADC_ClearFlag                                     lib/libstm32.a(stm32f10x_adc.o)
ADC_ClearITPendingBit                             lib/libstm32.a(stm32f10x_adc.o)
                                                  stm32f10x_it.o
ADC_Cmd                                           lib/libstm32.a(stm32f10x_adc.o)
                                                  main.o
ADC_Config                                        main.o
ADC_DMACmd                                        lib/libstm32.a(stm32f10x_adc.o)
ADC_DeInit                                        lib/libstm32.a(stm32f10x_adc.o)
ADC_DiscModeChannelCountConfig                    lib/libstm32.a(stm32f10x_adc.o)
ADC_DiscModeCmd                                   lib/libstm32.a(stm32f10x_adc.o)
ADC_ExternalTrigConvCmd                           lib/libstm32.a(stm32f10x_adc.o)
ADC_ExternalTrigInjectedConvCmd                   lib/libstm32.a(stm32f10x_adc.o)
ADC_ExternalTrigInjectedConvConfig                lib/libstm32.a(stm32f10x_adc.o)
ADC_GetCalibrationStatus                          lib/libstm32.a(stm32f10x_adc.o)
                                                  main.o
ADC_GetConversionValue                            lib/libstm32.a(stm32f10x_adc.o)
ADC_GetDualModeConversionValue                    lib/libstm32.a(stm32f10x_adc.o)
ADC_GetFlagStatus                                 lib/libstm32.a(stm32f10x_adc.o)
ADC_GetITStatus                                   lib/libstm32.a(stm32f10x_adc.o)
ADC_GetInjectedConversionValue                    lib/libstm32.a(stm32f10x_adc.o)
ADC_GetResetCalibrationStatus                     lib/libstm32.a(stm32f10x_adc.o)
                                                  main.o
ADC_GetSoftwareStartConvStatus                    lib/libstm32.a(stm32f10x_adc.o)
ADC_GetSoftwareStartInjectedConvCmdStatus         lib/libstm32.a(stm32f10x_adc.o)
ADC_ITConfig                                      lib/libstm32.a(stm32f10x_adc.o)
                                                  main.o
ADC_Init                                          lib/libstm32.a(stm32f10x_adc.o)
                                                  main.o
ADC_InitStructure                                 main.o
ADC_InjectedChannelConfig                         lib/libstm32.a(stm32f10x_adc.o)
ADC_InjectedDiscModeCmd                           lib/libstm32.a(stm32f10x_adc.o)
ADC_InjectedSequencerLengthConfig                 lib/libstm32.a(stm32f10x_adc.o)
ADC_RegularChannelConfig                          lib/libstm32.a(stm32f10x_adc.o)
                                                  main.o
ADC_ResetCalibration                              lib/libstm32.a(stm32f10x_adc.o)
                                                  main.o
ADC_SetInjectedOffset                             lib/libstm32.a(stm32f10x_adc.o)
ADC_SoftwareStartConvCmd                          lib/libstm32.a(stm32f10x_adc.o)
                                                  main.o
ADC_SoftwareStartInjectedConvCmd                  lib/libstm32.a(stm32f10x_adc.o)
ADC_StartCalibration                              lib/libstm32.a(stm32f10x_adc.o)
                                                  main.o
ADC_StructInit                                    lib/libstm32.a(stm32f10x_adc.o)
ADC_TempSensorVrefintCmd                          lib/libstm32.a(stm32f10x_adc.o)
BusFaultException                                 stm32f10x_it.o
                                                  lib/libstm32.a(stm32f10x_vector.o)
CAN_RX1_IRQHandler                                stm32f10x_it.o
                                                  lib/libstm32.a(stm32f10x_vector.o)
CAN_SCE_IRQHandler                                stm32f10x_it.o
                                                  lib/libstm32.a(stm32f10x_vector.o)
Clock_Config                                      main.o
DMA1_Channel1_IRQHandler                          stm32f10x_it.o
                                                  lib/libstm32.a(stm32f10x_vector.o)
DMA1_Channel2_IRQHandler                          stm32f10x_it.o
                                                  lib/libstm32.a(stm32f10x_vector.o)
DMA1_Channel3_IRQHandler                          stm32f10x_it.o
                                                  lib/libstm32.a(stm32f10x_vector.o)
DMA1_Channel4_IRQHandler                          stm32f10x_it.o
                                                  lib/libstm32.a(stm32f10x_vector.o)
DMA1_Channel5_IRQHandler                          stm32f10x_it.o
                                                  lib/libstm32.a(stm32f10x_vector.o)
DMA1_Channel6_IRQHandler                          stm32f10x_it.o
                                                  lib/libstm32.a(stm32f10x_vector.o)
DMA1_Channel7_IRQHandler                          stm32f10x_it.o
                                                  lib/libstm32.a(stm32f10x_vector.o)
DMA2_Channel1_IRQHandler                          stm32f10x_it.o
                                                  lib/libstm32.a(stm32f10x_vector.o)
DMA2_Channel2_IRQHandler                          stm32f10x_it.o
                                                  lib/libstm32.a(stm32f10x_vector.o)
DMA2_Channel3_IRQHandler                          stm32f10x_it.o
                                                  lib/libstm32.a(stm32f10x_vector.o)
DMA2_Channel4_5_IRQHandler                        stm32f10x_it.o
                                                  lib/libstm32.a(stm32f10x_vector.o)
DebugMonitor                                      stm32f10x_it.o
                                                  lib/libstm32.a(stm32f10x_vector.o)
Delay                                             main.o
                                                  stm32f10x_it.o
EXTI0_IRQHandler                                  stm32f10x_it.o
                                                  lib/libstm32.a(stm32f10x_vector.o)
EXTI15_10_IRQHandler                              stm32f10x_it.o
                                                  lib/libstm32.a(stm32f10x_vector.o)
EXTI1_IRQHandler                                  stm32f10x_it.o
                                                  lib/libstm32.a(stm32f10x_vector.o)
EXTI2_IRQHandler                                  stm32f10x_it.o
                                                  lib/libstm32.a(stm32f10x_vector.o)
EXTI3_IRQHandler                                  stm32f10x_it.o
                                                  lib/libstm32.a(stm32f10x_vector.o)
EXTI4_IRQHandler                                  stm32f10x_it.o
                                                  lib/libstm32.a(stm32f10x_vector.o)
EXTI9_5_IRQHandler                                stm32f10x_it.o
                                                  lib/libstm32.a(stm32f10x_vector.o)
FLASH_HalfCycleAccessCmd                          lib/libstm32.a(stm32f10x_flash.o)
FLASH_IRQHandler                                  stm32f10x_it.o
                                                  lib/libstm32.a(stm32f10x_vector.o)
FLASH_PrefetchBufferCmd                           lib/libstm32.a(stm32f10x_flash.o)
                                                  main.o
FLASH_SetLatency                                  lib/libstm32.a(stm32f10x_flash.o)
                                                  main.o
FSMC_IRQHandler                                   stm32f10x_it.o
                                                  lib/libstm32.a(stm32f10x_vector.o)
GPIO_AFIODeInit                                   lib/libstm32.a(stm32f10x_gpio.o)
GPIO_Config                                       main.o
GPIO_DeInit                                       lib/libstm32.a(stm32f10x_gpio.o)
GPIO_EXTILineConfig                               lib/libstm32.a(stm32f10x_gpio.o)
GPIO_EventOutputCmd                               lib/libstm32.a(stm32f10x_gpio.o)
GPIO_EventOutputConfig                            lib/libstm32.a(stm32f10x_gpio.o)
GPIO_Init                                         lib/libstm32.a(stm32f10x_gpio.o)
                                                  main.o
GPIO_InitStructure                                main.o
GPIO_PinLockConfig                                lib/libstm32.a(stm32f10x_gpio.o)
GPIO_PinRemapConfig                               lib/libstm32.a(stm32f10x_gpio.o)
GPIO_ReadInputData                                lib/libstm32.a(stm32f10x_gpio.o)
GPIO_ReadInputDataBit                             lib/libstm32.a(stm32f10x_gpio.o)
GPIO_ReadOutputData                               lib/libstm32.a(stm32f10x_gpio.o)
GPIO_ReadOutputDataBit                            lib/libstm32.a(stm32f10x_gpio.o)
GPIO_ResetBits                                    lib/libstm32.a(stm32f10x_gpio.o)
                                                  stm32f10x_it.o
                                                  drive.o
GPIO_SetBits                                      lib/libstm32.a(stm32f10x_gpio.o)
                                                  stm32f10x_it.o
                                                  drive.o
GPIO_StructInit                                   lib/libstm32.a(stm32f10x_gpio.o)
GPIO_Write                                        lib/libstm32.a(stm32f10x_gpio.o)
GPIO_WriteBit                                     lib/libstm32.a(stm32f10x_gpio.o)
HSEStartUpStatus                                  main.o
HardFaultException                                stm32f10x_it.o
                                                  lib/libstm32.a(stm32f10x_vector.o)
I2C1_ER_IRQHandler                                stm32f10x_it.o
                                                  lib/libstm32.a(stm32f10x_vector.o)
I2C1_EV_IRQHandler                                stm32f10x_it.o
                                                  lib/libstm32.a(stm32f10x_vector.o)
I2C2_ER_IRQHandler                                stm32f10x_it.o
                                                  lib/libstm32.a(stm32f10x_vector.o)
I2C2_EV_IRQHandler                                stm32f10x_it.o
                                                  lib/libstm32.a(stm32f10x_vector.o)
MemManageException                                stm32f10x_it.o
                                                  lib/libstm32.a(stm32f10x_vector.o)
NMIException                                      stm32f10x_it.o
                                                  lib/libstm32.a(stm32f10x_vector.o)
NVIC_BASEPRICONFIG                                lib/libstm32.a(stm32f10x_nvic.o)
NVIC_ClearIRQChannelPendingBit                    lib/libstm32.a(stm32f10x_nvic.o)
NVIC_ClearSystemHandlerPendingBit                 lib/libstm32.a(stm32f10x_nvic.o)
NVIC_Config                                       main.o
NVIC_DeInit                                       lib/libstm32.a(stm32f10x_nvic.o)
NVIC_GenerateCoreReset                            lib/libstm32.a(stm32f10x_nvic.o)
NVIC_GenerateSystemReset                          lib/libstm32.a(stm32f10x_nvic.o)
NVIC_GetBASEPRI                                   lib/libstm32.a(stm32f10x_nvic.o)
NVIC_GetCPUID                                     lib/libstm32.a(stm32f10x_nvic.o)
NVIC_GetCurrentActiveHandler                      lib/libstm32.a(stm32f10x_nvic.o)
NVIC_GetCurrentPendingIRQChannel                  lib/libstm32.a(stm32f10x_nvic.o)
NVIC_GetFaultAddress                              lib/libstm32.a(stm32f10x_nvic.o)
NVIC_GetFaultHandlerSources                       lib/libstm32.a(stm32f10x_nvic.o)
NVIC_GetIRQChannelActiveBitStatus                 lib/libstm32.a(stm32f10x_nvic.o)
NVIC_GetIRQChannelPendingBitStatus                lib/libstm32.a(stm32f10x_nvic.o)
NVIC_GetSystemHandlerActiveBitStatus              lib/libstm32.a(stm32f10x_nvic.o)
NVIC_GetSystemHandlerPendingBitStatus             lib/libstm32.a(stm32f10x_nvic.o)
NVIC_Init                                         lib/libstm32.a(stm32f10x_nvic.o)
                                                  main.o
NVIC_InitStructure                                main.o
NVIC_PriorityGroupConfig                          lib/libstm32.a(stm32f10x_nvic.o)
NVIC_RESETFAULTMASK                               lib/libstm32.a(stm32f10x_nvic.o)
NVIC_RESETPRIMASK                                 lib/libstm32.a(stm32f10x_nvic.o)
NVIC_SCBDeInit                                    lib/libstm32.a(stm32f10x_nvic.o)
NVIC_SETFAULTMASK                                 lib/libstm32.a(stm32f10x_nvic.o)
NVIC_SETPRIMASK                                   lib/libstm32.a(stm32f10x_nvic.o)
NVIC_SetIRQChannelPendingBit                      lib/libstm32.a(stm32f10x_nvic.o)
NVIC_SetSystemHandlerPendingBit                   lib/libstm32.a(stm32f10x_nvic.o)
NVIC_SetVectorTable                               lib/libstm32.a(stm32f10x_nvic.o)
                                                  main.o
NVIC_StructInit                                   lib/libstm32.a(stm32f10x_nvic.o)
NVIC_SystemHandlerConfig                          lib/libstm32.a(stm32f10x_nvic.o)
NVIC_SystemHandlerPriorityConfig                  lib/libstm32.a(stm32f10x_nvic.o)
NVIC_SystemLPConfig                               lib/libstm32.a(stm32f10x_nvic.o)
PVD_IRQHandler                                    stm32f10x_it.o
                                                  lib/libstm32.a(stm32f10x_vector.o)
PendSVC                                           stm32f10x_it.o
                                                  lib/libstm32.a(stm32f10x_vector.o)
RCC_ADCCLKConfig                                  lib/libstm32.a(stm32f10x_rcc.o)
                                                  main.o
RCC_AHBPeriphClockCmd                             lib/libstm32.a(stm32f10x_rcc.o)
RCC_APB1PeriphClockCmd                            lib/libstm32.a(stm32f10x_rcc.o)
RCC_APB1PeriphResetCmd                            lib/libstm32.a(stm32f10x_rcc.o)
                                                  lib/libstm32.a(stm32f10x_tim.o)
RCC_APB2PeriphClockCmd                            lib/libstm32.a(stm32f10x_rcc.o)
                                                  main.o
RCC_APB2PeriphResetCmd                            lib/libstm32.a(stm32f10x_rcc.o)
                                                  lib/libstm32.a(stm32f10x_adc.o)
                                                  lib/libstm32.a(stm32f10x_tim.o)
                                                  lib/libstm32.a(stm32f10x_gpio.o)
RCC_AdjustHSICalibrationValue                     lib/libstm32.a(stm32f10x_rcc.o)
RCC_BackupResetCmd                                lib/libstm32.a(stm32f10x_rcc.o)
RCC_ClearFlag                                     lib/libstm32.a(stm32f10x_rcc.o)
RCC_ClearITPendingBit                             lib/libstm32.a(stm32f10x_rcc.o)
RCC_ClockSecuritySystemCmd                        lib/libstm32.a(stm32f10x_rcc.o)
RCC_DeInit                                        lib/libstm32.a(stm32f10x_rcc.o)
                                                  main.o
RCC_GetClocksFreq                                 lib/libstm32.a(stm32f10x_rcc.o)
RCC_GetFlagStatus                                 lib/libstm32.a(stm32f10x_rcc.o)
                                                  main.o
RCC_GetITStatus                                   lib/libstm32.a(stm32f10x_rcc.o)
RCC_GetSYSCLKSource                               lib/libstm32.a(stm32f10x_rcc.o)
                                                  main.o
RCC_HCLKConfig                                    lib/libstm32.a(stm32f10x_rcc.o)
                                                  main.o
RCC_HSEConfig                                     lib/libstm32.a(stm32f10x_rcc.o)
                                                  main.o
RCC_HSICmd                                        lib/libstm32.a(stm32f10x_rcc.o)
RCC_IRQHandler                                    stm32f10x_it.o
                                                  lib/libstm32.a(stm32f10x_vector.o)
RCC_ITConfig                                      lib/libstm32.a(stm32f10x_rcc.o)
RCC_LSEConfig                                     lib/libstm32.a(stm32f10x_rcc.o)
RCC_LSICmd                                        lib/libstm32.a(stm32f10x_rcc.o)
RCC_MCOConfig                                     lib/libstm32.a(stm32f10x_rcc.o)
RCC_PCLK1Config                                   lib/libstm32.a(stm32f10x_rcc.o)
                                                  main.o
RCC_PCLK2Config                                   lib/libstm32.a(stm32f10x_rcc.o)
                                                  main.o
RCC_PLLCmd                                        lib/libstm32.a(stm32f10x_rcc.o)
                                                  main.o
RCC_PLLConfig                                     lib/libstm32.a(stm32f10x_rcc.o)
                                                  main.o
RCC_RTCCLKCmd                                     lib/libstm32.a(stm32f10x_rcc.o)
RCC_RTCCLKConfig                                  lib/libstm32.a(stm32f10x_rcc.o)
RCC_SYSCLKConfig                                  lib/libstm32.a(stm32f10x_rcc.o)
                                                  main.o
RCC_USBCLKConfig                                  lib/libstm32.a(stm32f10x_rcc.o)
RCC_WaitForHSEStartUp                             lib/libstm32.a(stm32f10x_rcc.o)
                                                  main.o
RTCAlarm_IRQHandler                               stm32f10x_it.o
                                                  lib/libstm32.a(stm32f10x_vector.o)
RTC_IRQHandler                                    stm32f10x_it.o
                                                  lib/libstm32.a(stm32f10x_vector.o)
Reset_Handler                                     lib/libstm32.a(stm32f10x_vector.o)
SDIO_IRQHandler                                   stm32f10x_it.o
                                                  lib/libstm32.a(stm32f10x_vector.o)
SPI1_IRQHandler                                   stm32f10x_it.o
                                                  lib/libstm32.a(stm32f10x_vector.o)
SPI2_IRQHandler                                   stm32f10x_it.o
                                                  lib/libstm32.a(stm32f10x_vector.o)
SPI3_IRQHandler                                   stm32f10x_it.o
                                                  lib/libstm32.a(stm32f10x_vector.o)
SVCHandler                                        stm32f10x_it.o
                                                  lib/libstm32.a(stm32f10x_vector.o)
SysTickHandler                                    stm32f10x_it.o
                                                  lib/libstm32.a(stm32f10x_vector.o)
TAMPER_IRQHandler                                 stm32f10x_it.o
                                                  lib/libstm32.a(stm32f10x_vector.o)
TIM1_BRK_IRQHandler                               stm32f10x_it.o
                                                  lib/libstm32.a(stm32f10x_vector.o)
TIM1_CC_IRQHandler                                stm32f10x_it.o
                                                  lib/libstm32.a(stm32f10x_vector.o)
TIM1_TRG_COM_IRQHandler                           stm32f10x_it.o
                                                  lib/libstm32.a(stm32f10x_vector.o)
TIM1_UP_IRQHandler                                stm32f10x_it.o
                                                  lib/libstm32.a(stm32f10x_vector.o)
TIM2_IRQHandler                                   stm32f10x_it.o
                                                  lib/libstm32.a(stm32f10x_vector.o)
TIM3_IRQHandler                                   stm32f10x_it.o
                                                  lib/libstm32.a(stm32f10x_vector.o)
TIM4_IRQHandler                                   stm32f10x_it.o
                                                  lib/libstm32.a(stm32f10x_vector.o)
TIM5_IRQHandler                                   stm32f10x_it.o
                                                  lib/libstm32.a(stm32f10x_vector.o)
TIM6_IRQHandler                                   stm32f10x_it.o
                                                  lib/libstm32.a(stm32f10x_vector.o)
TIM7_IRQHandler                                   stm32f10x_it.o
                                                  lib/libstm32.a(stm32f10x_vector.o)
TIM8_BRK_IRQHandler                               stm32f10x_it.o
                                                  lib/libstm32.a(stm32f10x_vector.o)
TIM8_CC_IRQHandler                                stm32f10x_it.o
                                                  lib/libstm32.a(stm32f10x_vector.o)
TIM8_TRG_COM_IRQHandler                           stm32f10x_it.o
                                                  lib/libstm32.a(stm32f10x_vector.o)
TIM8_UP_IRQHandler                                stm32f10x_it.o
                                                  lib/libstm32.a(stm32f10x_vector.o)
TIM_ARRPreloadConfig                              lib/libstm32.a(stm32f10x_tim.o)
TIM_BDTRConfig                                    lib/libstm32.a(stm32f10x_tim.o)
TIM_BDTRStructInit                                lib/libstm32.a(stm32f10x_tim.o)
TIM_CCPreloadControl                              lib/libstm32.a(stm32f10x_tim.o)
TIM_CCxCmd                                        lib/libstm32.a(stm32f10x_tim.o)
TIM_CCxNCmd                                       lib/libstm32.a(stm32f10x_tim.o)
TIM_ClearFlag                                     lib/libstm32.a(stm32f10x_tim.o)
TIM_ClearITPendingBit                             lib/libstm32.a(stm32f10x_tim.o)
TIM_ClearOC1Ref                                   lib/libstm32.a(stm32f10x_tim.o)
TIM_ClearOC2Ref                                   lib/libstm32.a(stm32f10x_tim.o)
TIM_ClearOC3Ref                                   lib/libstm32.a(stm32f10x_tim.o)
TIM_ClearOC4Ref                                   lib/libstm32.a(stm32f10x_tim.o)
TIM_Cmd                                           lib/libstm32.a(stm32f10x_tim.o)
                                                  main.o
TIM_Config                                        main.o
TIM_CounterModeConfig                             lib/libstm32.a(stm32f10x_tim.o)
TIM_CtrlPWMOutputs                                lib/libstm32.a(stm32f10x_tim.o)
                                                  drive.o
TIM_DMACmd                                        lib/libstm32.a(stm32f10x_tim.o)
TIM_DMAConfig                                     lib/libstm32.a(stm32f10x_tim.o)
TIM_DeInit                                        lib/libstm32.a(stm32f10x_tim.o)
TIM_ETRClockMode1Config                           lib/libstm32.a(stm32f10x_tim.o)
TIM_ETRClockMode2Config                           lib/libstm32.a(stm32f10x_tim.o)
TIM_ETRConfig                                     lib/libstm32.a(stm32f10x_tim.o)
TIM_EncoderInterfaceConfig                        lib/libstm32.a(stm32f10x_tim.o)
TIM_ForcedOC1Config                               lib/libstm32.a(stm32f10x_tim.o)
TIM_ForcedOC2Config                               lib/libstm32.a(stm32f10x_tim.o)
TIM_ForcedOC3Config                               lib/libstm32.a(stm32f10x_tim.o)
TIM_ForcedOC4Config                               lib/libstm32.a(stm32f10x_tim.o)
TIM_GenerateEvent                                 lib/libstm32.a(stm32f10x_tim.o)
TIM_GetCapture1                                   lib/libstm32.a(stm32f10x_tim.o)
TIM_GetCapture2                                   lib/libstm32.a(stm32f10x_tim.o)
TIM_GetCapture3                                   lib/libstm32.a(stm32f10x_tim.o)
TIM_GetCapture4                                   lib/libstm32.a(stm32f10x_tim.o)
TIM_GetCounter                                    lib/libstm32.a(stm32f10x_tim.o)
TIM_GetFlagStatus                                 lib/libstm32.a(stm32f10x_tim.o)
TIM_GetITStatus                                   lib/libstm32.a(stm32f10x_tim.o)
TIM_GetPrescaler                                  lib/libstm32.a(stm32f10x_tim.o)
TIM_ICInit                                        lib/libstm32.a(stm32f10x_tim.o)
TIM_ICStructInit                                  lib/libstm32.a(stm32f10x_tim.o)
TIM_ITConfig                                      lib/libstm32.a(stm32f10x_tim.o)
TIM_ITRxExternalClockConfig                       lib/libstm32.a(stm32f10x_tim.o)
TIM_InternalClockConfig                           lib/libstm32.a(stm32f10x_tim.o)
TIM_OC1FastConfig                                 lib/libstm32.a(stm32f10x_tim.o)
TIM_OC1Init                                       lib/libstm32.a(stm32f10x_tim.o)
TIM_OC1NPolarityConfig                            lib/libstm32.a(stm32f10x_tim.o)
TIM_OC1PolarityConfig                             lib/libstm32.a(stm32f10x_tim.o)
TIM_OC1PreloadConfig                              lib/libstm32.a(stm32f10x_tim.o)
TIM_OC2FastConfig                                 lib/libstm32.a(stm32f10x_tim.o)
TIM_OC2Init                                       lib/libstm32.a(stm32f10x_tim.o)
                                                  drive.o
TIM_OC2NPolarityConfig                            lib/libstm32.a(stm32f10x_tim.o)
TIM_OC2PolarityConfig                             lib/libstm32.a(stm32f10x_tim.o)
TIM_OC2PreloadConfig                              lib/libstm32.a(stm32f10x_tim.o)
TIM_OC3FastConfig                                 lib/libstm32.a(stm32f10x_tim.o)
TIM_OC3Init                                       lib/libstm32.a(stm32f10x_tim.o)
                                                  drive.o
TIM_OC3NPolarityConfig                            lib/libstm32.a(stm32f10x_tim.o)
TIM_OC3PolarityConfig                             lib/libstm32.a(stm32f10x_tim.o)
TIM_OC3PreloadConfig                              lib/libstm32.a(stm32f10x_tim.o)
TIM_OC4FastConfig                                 lib/libstm32.a(stm32f10x_tim.o)
TIM_OC4Init                                       lib/libstm32.a(stm32f10x_tim.o)
TIM_OC4PolarityConfig                             lib/libstm32.a(stm32f10x_tim.o)
TIM_OC4PreloadConfig                              lib/libstm32.a(stm32f10x_tim.o)
TIM_OCStructInit                                  lib/libstm32.a(stm32f10x_tim.o)
TIM_PWMIConfig                                    lib/libstm32.a(stm32f10x_tim.o)
TIM_PrescalerConfig                               lib/libstm32.a(stm32f10x_tim.o)
TIM_SelectCCDMA                                   lib/libstm32.a(stm32f10x_tim.o)
TIM_SelectCOM                                     lib/libstm32.a(stm32f10x_tim.o)
TIM_SelectHallSensor                              lib/libstm32.a(stm32f10x_tim.o)
TIM_SelectInputTrigger                            lib/libstm32.a(stm32f10x_tim.o)
TIM_SelectMasterSlaveMode                         lib/libstm32.a(stm32f10x_tim.o)
TIM_SelectOCxM                                    lib/libstm32.a(stm32f10x_tim.o)
TIM_SelectOnePulseMode                            lib/libstm32.a(stm32f10x_tim.o)
TIM_SelectOutputTrigger                           lib/libstm32.a(stm32f10x_tim.o)
TIM_SelectSlaveMode                               lib/libstm32.a(stm32f10x_tim.o)
TIM_SetAutoreload                                 lib/libstm32.a(stm32f10x_tim.o)
TIM_SetClockDivision                              lib/libstm32.a(stm32f10x_tim.o)
TIM_SetCompare1                                   lib/libstm32.a(stm32f10x_tim.o)
TIM_SetCompare2                                   lib/libstm32.a(stm32f10x_tim.o)
TIM_SetCompare3                                   lib/libstm32.a(stm32f10x_tim.o)
TIM_SetCompare4                                   lib/libstm32.a(stm32f10x_tim.o)
TIM_SetCounter                                    lib/libstm32.a(stm32f10x_tim.o)
TIM_SetIC1Prescaler                               lib/libstm32.a(stm32f10x_tim.o)
TIM_SetIC2Prescaler                               lib/libstm32.a(stm32f10x_tim.o)
TIM_SetIC3Prescaler                               lib/libstm32.a(stm32f10x_tim.o)
TIM_SetIC4Prescaler                               lib/libstm32.a(stm32f10x_tim.o)
TIM_TIxExternalClockConfig                        lib/libstm32.a(stm32f10x_tim.o)
TIM_TimeBaseInit                                  lib/libstm32.a(stm32f10x_tim.o)
                                                  main.o
TIM_TimeBaseStructInit                            lib/libstm32.a(stm32f10x_tim.o)
TIM_TimeBaseStructure                             main.o
TIM_UpdateDisableConfig                           lib/libstm32.a(stm32f10x_tim.o)
TIM_UpdateRequestConfig                           lib/libstm32.a(stm32f10x_tim.o)
UART4_IRQHandler                                  stm32f10x_it.o
                                                  lib/libstm32.a(stm32f10x_vector.o)
UART5_IRQHandler                                  stm32f10x_it.o
                                                  lib/libstm32.a(stm32f10x_vector.o)
USART1_IRQHandler                                 stm32f10x_it.o
                                                  lib/libstm32.a(stm32f10x_vector.o)
USART2_IRQHandler                                 stm32f10x_it.o
                                                  lib/libstm32.a(stm32f10x_vector.o)
USART3_IRQHandler                                 stm32f10x_it.o
                                                  lib/libstm32.a(stm32f10x_vector.o)
USBWakeUp_IRQHandler                              stm32f10x_it.o
                                                  lib/libstm32.a(stm32f10x_vector.o)
USB_HP_CAN_TX_IRQHandler                          stm32f10x_it.o
                                                  lib/libstm32.a(stm32f10x_vector.o)
USB_LP_CAN_RX0_IRQHandler                         stm32f10x_it.o
                                                  lib/libstm32.a(stm32f10x_vector.o)
UsageFaultException                               stm32f10x_it.o
                                                  lib/libstm32.a(stm32f10x_vector.o)
WWDG_IRQHandler                                   stm32f10x_it.o
                                                  lib/libstm32.a(stm32f10x_vector.o)
_Jv_RegisterClasses                               /home/adam/Code/ARM/arm-2008q3/bin/../lib/gcc/arm-none-eabi/4.3.2/crtbegin.o
__BASEPRICONFIG                                   lib/libstm32.a(cortexm3_macro.o)
                                                  lib/libstm32.a(stm32f10x_nvic.o)
__DMB                                             lib/libstm32.a(cortexm3_macro.o)
__DSB                                             lib/libstm32.a(cortexm3_macro.o)
__GetBASEPRI                                      lib/libstm32.a(cortexm3_macro.o)
                                                  lib/libstm32.a(stm32f10x_nvic.o)
__ISB                                             lib/libstm32.a(cortexm3_macro.o)
__MRS_CONTROL                                     lib/libstm32.a(cortexm3_macro.o)
__MRS_MSP                                         lib/libstm32.a(cortexm3_macro.o)
__MRS_PSP                                         lib/libstm32.a(cortexm3_macro.o)
__MSR_CONTROL                                     lib/libstm32.a(cortexm3_macro.o)
__MSR_MSP                                         lib/libstm32.a(cortexm3_macro.o)
__MSR_PSP                                         lib/libstm32.a(cortexm3_macro.o)
__READ_FAULTMASK                                  lib/libstm32.a(cortexm3_macro.o)
__READ_PRIMASK                                    lib/libstm32.a(cortexm3_macro.o)
__RESETFAULTMASK                                  lib/libstm32.a(cortexm3_macro.o)
                                                  lib/libstm32.a(stm32f10x_nvic.o)
__RESETPRIMASK                                    lib/libstm32.a(cortexm3_macro.o)
                                                  lib/libstm32.a(stm32f10x_nvic.o)
__REV_HalfWord                                    lib/libstm32.a(cortexm3_macro.o)
__REV_Word                                        lib/libstm32.a(cortexm3_macro.o)
__SETFAULTMASK                                    lib/libstm32.a(cortexm3_macro.o)
                                                  lib/libstm32.a(stm32f10x_nvic.o)
__SETPRIMASK                                      lib/libstm32.a(cortexm3_macro.o)
                                                  lib/libstm32.a(stm32f10x_nvic.o)
__SEV                                             lib/libstm32.a(cortexm3_macro.o)
__SVC                                             lib/libstm32.a(cortexm3_macro.o)
__WFE                                             lib/libstm32.a(cortexm3_macro.o)
__WFI                                             lib/libstm32.a(cortexm3_macro.o)
__deregister_frame_info                           /home/adam/Code/ARM/arm-2008q3/bin/../lib/gcc/arm-none-eabi/4.3.2/crtbegin.o
__dso_handle                                      /home/adam/Code/ARM/arm-2008q3/bin/../lib/gcc/arm-none-eabi/4.3.2/crtbegin.o
__register_frame_info                             /home/adam/Code/ARM/arm-2008q3/bin/../lib/gcc/arm-none-eabi/4.3.2/crtbegin.o
_ebss                                             lib/libstm32.a(stm32f10x_vector.o)
_edata                                            lib/libstm32.a(stm32f10x_vector.o)
_estack                                           lib/libstm32.a(stm32f10x_vector.o)
_fini                                             /home/adam/Code/ARM/arm-2008q3/bin/../lib/gcc/arm-none-eabi/4.3.2/crti.o
_init                                             /home/adam/Code/ARM/arm-2008q3/bin/../lib/gcc/arm-none-eabi/4.3.2/crti.o
_sbss                                             lib/libstm32.a(stm32f10x_vector.o)
_sdata                                            lib/libstm32.a(stm32f10x_vector.o)
_sidata                                           lib/libstm32.a(stm32f10x_vector.o)
drive_backwards                                   drive.o
                                                  stm32f10x_it.o
drive_forwards                                    drive.o
                                                  stm32f10x_it.o
                                                  main.o
g_pfnVectors                                      lib/libstm32.a(stm32f10x_vector.o)
main                                              main.o
                                                  lib/libstm32.a(stm32f10x_vector.o)
steer_left                                        drive.o
                                                  stm32f10x_it.o
steer_right                                       drive.o
steer_straight                                    drive.o
                                                  stm32f10x_it.o
                                                  main.o
